INFO - 2026-06-19 12:51:56 --> Session: Class initialized using 'CodeIgniter\Session\Handlers\FileHandler' driver.
ERROR - 2026-06-19 12:52:00 --> Error connecting to the database: mysqli_sql_exception: No connection could be made because the target machine actively refused it in C:\wamp64\www\PBL_kel_6\system\Database\MySQLi\Connection.php:173
Stack trace:
#0 C:\wamp64\www\PBL_kel_6\system\Database\MySQLi\Connection.php(173): mysqli->real_connect('localhost', 'root', Object(SensitiveParameterValue), 'db-gis-sekolah', 3306, '', 0)
#1 C:\wamp64\www\PBL_kel_6\system\Database\BaseConnection.php(391): CodeIgniter\Database\MySQLi\Connection->connect(false)
#2 C:\wamp64\www\PBL_kel_6\system\Database\BaseConnection.php(573): CodeIgniter\Database\BaseConnection->initialize()
#3 C:\wamp64\www\PBL_kel_6\system\Database\BaseBuilder.php(1616): CodeIgniter\Database\BaseConnection->query('SELECT *\nFROM `...', Array, false)
#4 C:\wamp64\www\PBL_kel_6\app\Models\ModelSetting.php(13): CodeIgniter\Database\BaseBuilder->get()
#5 C:\wamp64\www\PBL_kel_6\app\Controllers\Home.php(70): App\Models\ModelSetting->DataWeb()
#6 C:\wamp64\www\PBL_kel_6\app\Controllers\Home.php(25): App\Controllers\Home->landingData('Beranda', 'beranda')
#7 C:\wamp64\www\PBL_kel_6\system\CodeIgniter.php(934): App\Controllers\Home->index()
#8 C:\wamp64\www\PBL_kel_6\system\CodeIgniter.php(499): CodeIgniter\CodeIgniter->runController(Object(App\Controllers\Home))
#9 C:\wamp64\www\PBL_kel_6\system\CodeIgniter.php(368): CodeIgniter\CodeIgniter->handleRequest(NULL, Object(Config\Cache), false)
#10 C:\wamp64\www\PBL_kel_6\public\index.php(67): CodeIgniter\CodeIgniter->run()
#11 C:\wamp64\www\PBL_kel_6\system\Commands\Server\rewrite.php(47): require_once('C:\\wamp64\\www\\P...')
#12 {main}

Next CodeIgniter\Database\Exceptions\DatabaseException: No connection could be made because the target machine actively refused it in C:\wamp64\www\PBL_kel_6\system\Database\MySQLi\Connection.php:218
Stack trace:
#0 C:\wamp64\www\PBL_kel_6\system\Database\BaseConnection.php(391): CodeIgniter\Database\MySQLi\Connection->connect(false)
#1 C:\wamp64\www\PBL_kel_6\system\Database\BaseConnection.php(573): CodeIgniter\Database\BaseConnection->initialize()
#2 C:\wamp64\www\PBL_kel_6\system\Database\BaseBuilder.php(1616): CodeIgniter\Database\BaseConnection->query('SELECT *\nFROM `...', Array, false)
#3 C:\wamp64\www\PBL_kel_6\app\Models\ModelSetting.php(13): CodeIgniter\Database\BaseBuilder->get()
#4 C:\wamp64\www\PBL_kel_6\app\Controllers\Home.php(70): App\Models\ModelSetting->DataWeb()
#5 C:\wamp64\www\PBL_kel_6\app\Controllers\Home.php(25): App\Controllers\Home->landingData('Beranda', 'beranda')
#6 C:\wamp64\www\PBL_kel_6\system\CodeIgniter.php(934): App\Controllers\Home->index()
#7 C:\wamp64\www\PBL_kel_6\system\CodeIgniter.php(499): CodeIgniter\CodeIgniter->runController(Object(App\Controllers\Home))
#8 C:\wamp64\www\PBL_kel_6\system\CodeIgniter.php(368): CodeIgniter\CodeIgniter->handleRequest(NULL, Object(Config\Cache), false)
#9 C:\wamp64\www\PBL_kel_6\public\index.php(67): CodeIgniter\CodeIgniter->run()
#10 C:\wamp64\www\PBL_kel_6\system\Commands\Server\rewrite.php(47): require_once('C:\\wamp64\\www\\P...')
#11 {main}
CRITICAL - 2026-06-19 12:52:00 --> Unable to connect to the database.
Main connection [MySQLi]: No connection could be made because the target machine actively refused it
in SYSTEMPATH\Database\BaseConnection.php on line 427.
 1 SYSTEMPATH\Database\BaseConnection.php(573): CodeIgniter\Database\BaseConnection->initialize()
 2 SYSTEMPATH\Database\BaseBuilder.php(1616): CodeIgniter\Database\BaseConnection->query('SELECT *
FROM `tbl_setting`
WHERE `id` = :id:', [...], false)
 3 APPPATH\Models\ModelSetting.php(13): CodeIgniter\Database\BaseBuilder->get()
 4 APPPATH\Controllers\Home.php(70): App\Models\ModelSetting->DataWeb()
 5 APPPATH\Controllers\Home.php(25): App\Controllers\Home->landingData('Beranda', 'beranda')
 6 SYSTEMPATH\CodeIgniter.php(934): App\Controllers\Home->index()
 7 SYSTEMPATH\CodeIgniter.php(499): CodeIgniter\CodeIgniter->runController(Object(App\Controllers\Home))
 8 SYSTEMPATH\CodeIgniter.php(368): CodeIgniter\CodeIgniter->handleRequest(null, Object(Config\Cache), false)
 9 FCPATH\index.php(67): CodeIgniter\CodeIgniter->run()
10 SYSTEMPATH\Commands\Server\rewrite.php(47): require_once('FCPATH\\index.php')
INFO - 2026-06-19 12:52:52 --> Session: Class initialized using 'CodeIgniter\Session\Handlers\FileHandler' driver.
INFO - 2026-06-19 12:53:07 --> Session: Class initialized using 'CodeIgniter\Session\Handlers\FileHandler' driver.
INFO - 2026-06-19 12:53:10 --> Session: Class initialized using 'CodeIgniter\Session\Handlers\FileHandler' driver.
INFO - 2026-06-19 12:53:14 --> Session: Class initialized using 'CodeIgniter\Session\Handlers\FileHandler' driver.
INFO - 2026-06-19 12:53:16 --> Session: Class initialized using 'CodeIgniter\Session\Handlers\FileHandler' driver.
INFO - 2026-06-19 12:53:17 --> Session: Class initialized using 'CodeIgniter\Session\Handlers\FileHandler' driver.
INFO - 2026-06-19 12:53:18 --> Session: Class initialized using 'CodeIgniter\Session\Handlers\FileHandler' driver.
INFO - 2026-06-19 12:53:19 --> Session: Class initialized using 'CodeIgniter\Session\Handlers\FileHandler' driver.
INFO - 2026-06-19 12:53:20 --> Session: Class initialized using 'CodeIgniter\Session\Handlers\FileHandler' driver.
INFO - 2026-06-19 12:53:21 --> Session: Class initialized using 'CodeIgniter\Session\Handlers\FileHandler' driver.
INFO - 2026-06-19 12:53:27 --> Session: Class initialized using 'CodeIgniter\Session\Handlers\FileHandler' driver.
INFO - 2026-06-19 12:53:38 --> Session: Class initialized using 'CodeIgniter\Session\Handlers\FileHandler' driver.
INFO - 2026-06-19 12:53:38 --> Session: Class initialized using 'CodeIgniter\Session\Handlers\FileHandler' driver.
INFO - 2026-06-19 12:53:44 --> Session: Class initialized using 'CodeIgniter\Session\Handlers\FileHandler' driver.
INFO - 2026-06-19 12:53:59 --> Session: Class initialized using 'CodeIgniter\Session\Handlers\FileHandler' driver.
INFO - 2026-06-19 12:54:01 --> Session: Class initialized using 'CodeIgniter\Session\Handlers\FileHandler' driver.
INFO - 2026-06-19 12:54:02 --> Session: Class initialized using 'CodeIgniter\Session\Handlers\FileHandler' driver.
