INFO - 2026-06-10 14:14:12 --> Session: Class initialized using 'CodeIgniter\Session\Handlers\FileHandler' driver.
INFO - 2026-06-10 14:14:18 --> Session: Class initialized using 'CodeIgniter\Session\Handlers\FileHandler' driver.
INFO - 2026-06-10 14:14:24 --> Session: Class initialized using 'CodeIgniter\Session\Handlers\FileHandler' driver.
INFO - 2026-06-10 14:14:25 --> Session: Class initialized using 'CodeIgniter\Session\Handlers\FileHandler' driver.
INFO - 2026-06-10 14:14:28 --> Session: Class initialized using 'CodeIgniter\Session\Handlers\FileHandler' driver.
INFO - 2026-06-10 14:14:29 --> Session: Class initialized using 'CodeIgniter\Session\Handlers\FileHandler' driver.
INFO - 2026-06-10 14:14:36 --> Session: Class initialized using 'CodeIgniter\Session\Handlers\FileHandler' driver.
INFO - 2026-06-10 14:27:49 --> Session: Class initialized using 'CodeIgniter\Session\Handlers\FileHandler' driver.
INFO - 2026-06-10 14:27:53 --> Session: Class initialized using 'CodeIgniter\Session\Handlers\FileHandler' driver.
INFO - 2026-06-10 14:31:53 --> Session: Class initialized using 'CodeIgniter\Session\Handlers\FileHandler' driver.
INFO - 2026-06-10 14:31:58 --> Session: Class initialized using 'CodeIgniter\Session\Handlers\FileHandler' driver.
INFO - 2026-06-10 14:33:38 --> Session: Class initialized using 'CodeIgniter\Session\Handlers\FileHandler' driver.
INFO - 2026-06-10 14:33:41 --> Session: Class initialized using 'CodeIgniter\Session\Handlers\FileHandler' driver.
INFO - 2026-06-10 14:33:46 --> Session: Class initialized using 'CodeIgniter\Session\Handlers\FileHandler' driver.
INFO - 2026-06-10 14:33:47 --> Session: Class initialized using 'CodeIgniter\Session\Handlers\FileHandler' driver.
INFO - 2026-06-10 14:34:03 --> Session: Class initialized using 'CodeIgniter\Session\Handlers\FileHandler' driver.
INFO - 2026-06-10 14:34:05 --> Session: Class initialized using 'CodeIgniter\Session\Handlers\FileHandler' driver.
INFO - 2026-06-10 14:34:06 --> Session: Class initialized using 'CodeIgniter\Session\Handlers\FileHandler' driver.
CRITICAL - 2026-06-10 14:34:06 --> You must set the database table to be used with your query.
in SYSTEMPATH\Database\BaseConnection.php on line 882.
 1 SYSTEMPATH\Model.php(642): CodeIgniter\Database\BaseConnection->table(null)
 2 SYSTEMPATH\Model.php(832): CodeIgniter\Model->builder()
 3 APPPATH\Controllers\Sekolah.php(60): CodeIgniter\Model->__call('allNagari', [...])
 4 SYSTEMPATH\CodeIgniter.php(934): App\Controllers\Sekolah->nagari()
 5 SYSTEMPATH\CodeIgniter.php(499): CodeIgniter\CodeIgniter->runController(Object(App\Controllers\Sekolah))
 6 SYSTEMPATH\CodeIgniter.php(368): CodeIgniter\CodeIgniter->handleRequest(null, Object(Config\Cache), false)
 7 FCPATH\index.php(67): CodeIgniter\CodeIgniter->run()
INFO - 2026-06-10 14:35:28 --> Session: Class initialized using 'CodeIgniter\Session\Handlers\FileHandler' driver.
INFO - 2026-06-10 14:35:30 --> Session: Class initialized using 'CodeIgniter\Session\Handlers\FileHandler' driver.
INFO - 2026-06-10 14:35:31 --> Session: Class initialized using 'CodeIgniter\Session\Handlers\FileHandler' driver.
CRITICAL - 2026-06-10 14:35:31 --> You must set the database table to be used with your query.
in SYSTEMPATH\Database\BaseConnection.php on line 882.
 1 SYSTEMPATH\Model.php(642): CodeIgniter\Database\BaseConnection->table(null)
 2 SYSTEMPATH\Model.php(832): CodeIgniter\Model->builder()
 3 APPPATH\Controllers\Sekolah.php(60): CodeIgniter\Model->__call('allNagari', [...])
 4 SYSTEMPATH\CodeIgniter.php(934): App\Controllers\Sekolah->nagari()
 5 SYSTEMPATH\CodeIgniter.php(499): CodeIgniter\CodeIgniter->runController(Object(App\Controllers\Sekolah))
 6 SYSTEMPATH\CodeIgniter.php(368): CodeIgniter\CodeIgniter->handleRequest(null, Object(Config\Cache), false)
 7 FCPATH\index.php(67): CodeIgniter\CodeIgniter->run()
INFO - 2026-06-10 14:35:46 --> Session: Class initialized using 'CodeIgniter\Session\Handlers\FileHandler' driver.
INFO - 2026-06-10 14:35:48 --> Session: Class initialized using 'CodeIgniter\Session\Handlers\FileHandler' driver.
INFO - 2026-06-10 14:35:49 --> Session: Class initialized using 'CodeIgniter\Session\Handlers\FileHandler' driver.
CRITICAL - 2026-06-10 14:35:49 --> You must set the database table to be used with your query.
in SYSTEMPATH\Database\BaseConnection.php on line 882.
 1 SYSTEMPATH\Model.php(642): CodeIgniter\Database\BaseConnection->table(null)
 2 SYSTEMPATH\Model.php(832): CodeIgniter\Model->builder()
 3 APPPATH\Controllers\Sekolah.php(60): CodeIgniter\Model->__call('allNagari', [...])
 4 SYSTEMPATH\CodeIgniter.php(934): App\Controllers\Sekolah->nagari()
 5 SYSTEMPATH\CodeIgniter.php(499): CodeIgniter\CodeIgniter->runController(Object(App\Controllers\Sekolah))
 6 SYSTEMPATH\CodeIgniter.php(368): CodeIgniter\CodeIgniter->handleRequest(null, Object(Config\Cache), false)
 7 FCPATH\index.php(67): CodeIgniter\CodeIgniter->run()
INFO - 2026-06-10 14:35:54 --> Session: Class initialized using 'CodeIgniter\Session\Handlers\FileHandler' driver.
INFO - 2026-06-10 14:35:55 --> Session: Class initialized using 'CodeIgniter\Session\Handlers\FileHandler' driver.
CRITICAL - 2026-06-10 14:35:55 --> You must set the database table to be used with your query.
in SYSTEMPATH\Database\BaseConnection.php on line 882.
 1 SYSTEMPATH\Model.php(642): CodeIgniter\Database\BaseConnection->table(null)
 2 SYSTEMPATH\Model.php(832): CodeIgniter\Model->builder()
 3 APPPATH\Controllers\Sekolah.php(60): CodeIgniter\Model->__call('allNagari', [...])
 4 SYSTEMPATH\CodeIgniter.php(934): App\Controllers\Sekolah->nagari()
 5 SYSTEMPATH\CodeIgniter.php(499): CodeIgniter\CodeIgniter->runController(Object(App\Controllers\Sekolah))
 6 SYSTEMPATH\CodeIgniter.php(368): CodeIgniter\CodeIgniter->handleRequest(null, Object(Config\Cache), false)
 7 FCPATH\index.php(67): CodeIgniter\CodeIgniter->run()
INFO - 2026-06-10 14:39:06 --> Session: Class initialized using 'CodeIgniter\Session\Handlers\FileHandler' driver.
INFO - 2026-06-10 14:39:08 --> Session: Class initialized using 'CodeIgniter\Session\Handlers\FileHandler' driver.
INFO - 2026-06-10 14:39:09 --> Session: Class initialized using 'CodeIgniter\Session\Handlers\FileHandler' driver.
INFO - 2026-06-10 14:39:42 --> Session: Class initialized using 'CodeIgniter\Session\Handlers\FileHandler' driver.
INFO - 2026-06-10 14:42:04 --> Session: Class initialized using 'CodeIgniter\Session\Handlers\FileHandler' driver.
INFO - 2026-06-10 14:43:12 --> Session: Class initialized using 'CodeIgniter\Session\Handlers\FileHandler' driver.
INFO - 2026-06-10 14:43:14 --> Session: Class initialized using 'CodeIgniter\Session\Handlers\FileHandler' driver.
INFO - 2026-06-10 14:43:51 --> Session: Class initialized using 'CodeIgniter\Session\Handlers\FileHandler' driver.
INFO - 2026-06-10 14:43:55 --> Session: Class initialized using 'CodeIgniter\Session\Handlers\FileHandler' driver.
INFO - 2026-06-10 14:43:56 --> Session: Class initialized using 'CodeIgniter\Session\Handlers\FileHandler' driver.
INFO - 2026-06-10 15:03:35 --> Session: Class initialized using 'CodeIgniter\Session\Handlers\FileHandler' driver.
INFO - 2026-06-10 15:03:35 --> Session: Class initialized using 'CodeIgniter\Session\Handlers\FileHandler' driver.
INFO - 2026-06-10 15:03:42 --> Session: Class initialized using 'CodeIgniter\Session\Handlers\FileHandler' driver.
INFO - 2026-06-10 15:03:43 --> Session: Class initialized using 'CodeIgniter\Session\Handlers\FileHandler' driver.
INFO - 2026-06-10 15:04:10 --> Session: Class initialized using 'CodeIgniter\Session\Handlers\FileHandler' driver.
INFO - 2026-06-10 15:04:10 --> Session: Class initialized using 'CodeIgniter\Session\Handlers\FileHandler' driver.
INFO - 2026-06-10 15:04:12 --> Session: Class initialized using 'CodeIgniter\Session\Handlers\FileHandler' driver.
INFO - 2026-06-10 15:04:12 --> Session: Class initialized using 'CodeIgniter\Session\Handlers\FileHandler' driver.
INFO - 2026-06-10 15:04:13 --> Session: Class initialized using 'CodeIgniter\Session\Handlers\FileHandler' driver.
INFO - 2026-06-10 15:05:03 --> Session: Class initialized using 'CodeIgniter\Session\Handlers\FileHandler' driver.
INFO - 2026-06-10 15:05:05 --> Session: Class initialized using 'CodeIgniter\Session\Handlers\FileHandler' driver.
INFO - 2026-06-10 15:05:05 --> Session: Class initialized using 'CodeIgniter\Session\Handlers\FileHandler' driver.
INFO - 2026-06-10 15:16:42 --> Session: Class initialized using 'CodeIgniter\Session\Handlers\FileHandler' driver.
INFO - 2026-06-10 15:19:34 --> Session: Class initialized using 'CodeIgniter\Session\Handlers\FileHandler' driver.
INFO - 2026-06-10 15:19:41 --> Session: Class initialized using 'CodeIgniter\Session\Handlers\FileHandler' driver.
INFO - 2026-06-10 15:22:42 --> Session: Class initialized using 'CodeIgniter\Session\Handlers\FileHandler' driver.
INFO - 2026-06-10 15:23:14 --> Session: Class initialized using 'CodeIgniter\Session\Handlers\FileHandler' driver.
INFO - 2026-06-10 15:23:25 --> Session: Class initialized using 'CodeIgniter\Session\Handlers\FileHandler' driver.
INFO - 2026-06-10 15:32:46 --> Session: Class initialized using 'CodeIgniter\Session\Handlers\FileHandler' driver.
INFO - 2026-06-10 15:34:17 --> Session: Class initialized using 'CodeIgniter\Session\Handlers\FileHandler' driver.
INFO - 2026-06-10 15:34:17 --> Session: Class initialized using 'CodeIgniter\Session\Handlers\FileHandler' driver.
INFO - 2026-06-10 15:34:19 --> Session: Class initialized using 'CodeIgniter\Session\Handlers\FileHandler' driver.
INFO - 2026-06-10 15:34:20 --> Session: Class initialized using 'CodeIgniter\Session\Handlers\FileHandler' driver.
INFO - 2026-06-10 15:36:01 --> Session: Class initialized using 'CodeIgniter\Session\Handlers\FileHandler' driver.
CRITICAL - 2026-06-10 15:36:01 --> Undefined array key "jenjabg"
in APPPATH\Views\sekolah\v_index.php on line 71.
 1 APPPATH\Views\sekolah\v_index.php(71): CodeIgniter\Debug\Exceptions->errorHandler(2, 'Undefined array key "jenjabg"', 'APPPATH\\Views\\sekolah\\v_index.php', 71)
 2 SYSTEMPATH\View\View.php(213): include('APPPATH\\Views\\sekolah\\v_index.php')
 3 SYSTEMPATH\View\View.php(216): CodeIgniter\View\View->CodeIgniter\View\{closure}()
 4 SYSTEMPATH\Common.php(1184): CodeIgniter\View\View->render('sekolah/v_index', [], true)
 5 APPPATH\Views\v_template_back_end.php(213): view('sekolah/v_index')
 6 SYSTEMPATH\View\View.php(213): include('APPPATH\\Views\\v_template_back_end.php')
 7 SYSTEMPATH\View\View.php(216): CodeIgniter\View\View->CodeIgniter\View\{closure}()
 8 SYSTEMPATH\Common.php(1184): CodeIgniter\View\View->render('v_template_back_end', [], true)
 9 APPPATH\Controllers\Sekolah.php(36): view('v_template_back_end', [...])
10 SYSTEMPATH\CodeIgniter.php(934): App\Controllers\Sekolah->index()
11 SYSTEMPATH\CodeIgniter.php(499): CodeIgniter\CodeIgniter->runController(Object(App\Controllers\Sekolah))
12 SYSTEMPATH\CodeIgniter.php(368): CodeIgniter\CodeIgniter->handleRequest(null, Object(Config\Cache), false)
13 FCPATH\index.php(67): CodeIgniter\CodeIgniter->run()
INFO - 2026-06-10 15:36:07 --> Session: Class initialized using 'CodeIgniter\Session\Handlers\FileHandler' driver.
CRITICAL - 2026-06-10 15:36:07 --> Undefined array key "jenjan"
in APPPATH\Views\sekolah\v_index.php on line 71.
 1 APPPATH\Views\sekolah\v_index.php(71): CodeIgniter\Debug\Exceptions->errorHandler(2, 'Undefined array key "jenjan"', 'APPPATH\\Views\\sekolah\\v_index.php', 71)
 2 SYSTEMPATH\View\View.php(213): include('APPPATH\\Views\\sekolah\\v_index.php')
 3 SYSTEMPATH\View\View.php(216): CodeIgniter\View\View->CodeIgniter\View\{closure}()
 4 SYSTEMPATH\Common.php(1184): CodeIgniter\View\View->render('sekolah/v_index', [], true)
 5 APPPATH\Views\v_template_back_end.php(213): view('sekolah/v_index')
 6 SYSTEMPATH\View\View.php(213): include('APPPATH\\Views\\v_template_back_end.php')
 7 SYSTEMPATH\View\View.php(216): CodeIgniter\View\View->CodeIgniter\View\{closure}()
 8 SYSTEMPATH\Common.php(1184): CodeIgniter\View\View->render('v_template_back_end', [], true)
 9 APPPATH\Controllers\Sekolah.php(36): view('v_template_back_end', [...])
10 SYSTEMPATH\CodeIgniter.php(934): App\Controllers\Sekolah->index()
11 SYSTEMPATH\CodeIgniter.php(499): CodeIgniter\CodeIgniter->runController(Object(App\Controllers\Sekolah))
12 SYSTEMPATH\CodeIgniter.php(368): CodeIgniter\CodeIgniter->handleRequest(null, Object(Config\Cache), false)
13 FCPATH\index.php(67): CodeIgniter\CodeIgniter->run()
INFO - 2026-06-10 15:36:12 --> Session: Class initialized using 'CodeIgniter\Session\Handlers\FileHandler' driver.
CRITICAL - 2026-06-10 15:36:12 --> Undefined array key "jenjang"
in APPPATH\Views\sekolah\v_index.php on line 71.
 1 APPPATH\Views\sekolah\v_index.php(71): CodeIgniter\Debug\Exceptions->errorHandler(2, 'Undefined array key "jenjang"', 'APPPATH\\Views\\sekolah\\v_index.php', 71)
 2 SYSTEMPATH\View\View.php(213): include('APPPATH\\Views\\sekolah\\v_index.php')
 3 SYSTEMPATH\View\View.php(216): CodeIgniter\View\View->CodeIgniter\View\{closure}()
 4 SYSTEMPATH\Common.php(1184): CodeIgniter\View\View->render('sekolah/v_index', [], true)
 5 APPPATH\Views\v_template_back_end.php(213): view('sekolah/v_index')
 6 SYSTEMPATH\View\View.php(213): include('APPPATH\\Views\\v_template_back_end.php')
 7 SYSTEMPATH\View\View.php(216): CodeIgniter\View\View->CodeIgniter\View\{closure}()
 8 SYSTEMPATH\Common.php(1184): CodeIgniter\View\View->render('v_template_back_end', [], true)
 9 APPPATH\Controllers\Sekolah.php(36): view('v_template_back_end', [...])
10 SYSTEMPATH\CodeIgniter.php(934): App\Controllers\Sekolah->index()
11 SYSTEMPATH\CodeIgniter.php(499): CodeIgniter\CodeIgniter->runController(Object(App\Controllers\Sekolah))
12 SYSTEMPATH\CodeIgniter.php(368): CodeIgniter\CodeIgniter->handleRequest(null, Object(Config\Cache), false)
13 FCPATH\index.php(67): CodeIgniter\CodeIgniter->run()
INFO - 2026-06-10 15:37:45 --> Session: Class initialized using 'CodeIgniter\Session\Handlers\FileHandler' driver.
ERROR - 2026-06-10 15:37:45 --> mysqli_sql_exception: Unknown column 'table.column' in 'on clause' in C:\wamp64\www\PBL_kel_6\system\Database\MySQLi\Connection.php:295
Stack trace:
#0 C:\wamp64\www\PBL_kel_6\system\Database\MySQLi\Connection.php(295): mysqli->query('SELECT *\nFROM `...', 0)
#1 C:\wamp64\www\PBL_kel_6\system\Database\BaseConnection.php(691): CodeIgniter\Database\MySQLi\Connection->execute('SELECT *\nFROM `...')
#2 C:\wamp64\www\PBL_kel_6\system\Database\BaseConnection.php(605): CodeIgniter\Database\BaseConnection->simpleQuery('SELECT *\nFROM `...')
#3 C:\wamp64\www\PBL_kel_6\system\Database\BaseBuilder.php(1616): CodeIgniter\Database\BaseConnection->query('SELECT *\nFROM `...', Array, false)
#4 C:\wamp64\www\PBL_kel_6\app\Models\ModelSekolah.php(14): CodeIgniter\Database\BaseBuilder->get()
#5 C:\wamp64\www\PBL_kel_6\app\Controllers\Sekolah.php(34): App\Models\ModelSekolah->AllData()
#6 C:\wamp64\www\PBL_kel_6\system\CodeIgniter.php(934): App\Controllers\Sekolah->index()
#7 C:\wamp64\www\PBL_kel_6\system\CodeIgniter.php(499): CodeIgniter\CodeIgniter->runController(Object(App\Controllers\Sekolah))
#8 C:\wamp64\www\PBL_kel_6\system\CodeIgniter.php(368): CodeIgniter\CodeIgniter->handleRequest(NULL, Object(Config\Cache), false)
#9 C:\wamp64\www\PBL_kel_6\public\index.php(67): CodeIgniter\CodeIgniter->run()
#10 {main}
CRITICAL - 2026-06-10 15:37:45 --> Unknown column 'table.column' in 'on clause'
in SYSTEMPATH\Database\BaseConnection.php on line 645.
 1 SYSTEMPATH\Database\BaseBuilder.php(1616): CodeIgniter\Database\BaseConnection->query('SELECT *
FROM `tbl_Sekolah`
LEFT JOIN `tbl_jenjang` ON `tbl_jenjang`.`id_jenjang` = `table`.`column`', [], false)
 2 APPPATH\Models\ModelSekolah.php(14): CodeIgniter\Database\BaseBuilder->get()
 3 APPPATH\Controllers\Sekolah.php(34): App\Models\ModelSekolah->AllData()
 4 SYSTEMPATH\CodeIgniter.php(934): App\Controllers\Sekolah->index()
 5 SYSTEMPATH\CodeIgniter.php(499): CodeIgniter\CodeIgniter->runController(Object(App\Controllers\Sekolah))
 6 SYSTEMPATH\CodeIgniter.php(368): CodeIgniter\CodeIgniter->handleRequest(null, Object(Config\Cache), false)
 7 FCPATH\index.php(67): CodeIgniter\CodeIgniter->run()
INFO - 2026-06-10 15:38:10 --> Session: Class initialized using 'CodeIgniter\Session\Handlers\FileHandler' driver.
ERROR - 2026-06-10 15:38:10 --> mysqli_sql_exception: Unknown column 'id_jenjabg' in 'on clause' in C:\wamp64\www\PBL_kel_6\system\Database\MySQLi\Connection.php:295
Stack trace:
#0 C:\wamp64\www\PBL_kel_6\system\Database\MySQLi\Connection.php(295): mysqli->query('SELECT *\nFROM `...', 0)
#1 C:\wamp64\www\PBL_kel_6\system\Database\BaseConnection.php(691): CodeIgniter\Database\MySQLi\Connection->execute('SELECT *\nFROM `...')
#2 C:\wamp64\www\PBL_kel_6\system\Database\BaseConnection.php(605): CodeIgniter\Database\BaseConnection->simpleQuery('SELECT *\nFROM `...')
#3 C:\wamp64\www\PBL_kel_6\system\Database\BaseBuilder.php(1616): CodeIgniter\Database\BaseConnection->query('SELECT *\nFROM `...', Array, false)
#4 C:\wamp64\www\PBL_kel_6\app\Models\ModelSekolah.php(14): CodeIgniter\Database\BaseBuilder->get()
#5 C:\wamp64\www\PBL_kel_6\app\Controllers\Sekolah.php(34): App\Models\ModelSekolah->AllData()
#6 C:\wamp64\www\PBL_kel_6\system\CodeIgniter.php(934): App\Controllers\Sekolah->index()
#7 C:\wamp64\www\PBL_kel_6\system\CodeIgniter.php(499): CodeIgniter\CodeIgniter->runController(Object(App\Controllers\Sekolah))
#8 C:\wamp64\www\PBL_kel_6\system\CodeIgniter.php(368): CodeIgniter\CodeIgniter->handleRequest(NULL, Object(Config\Cache), false)
#9 C:\wamp64\www\PBL_kel_6\public\index.php(67): CodeIgniter\CodeIgniter->run()
#10 {main}
CRITICAL - 2026-06-10 15:38:10 --> Unknown column 'id_jenjabg' in 'on clause'
in SYSTEMPATH\Database\BaseConnection.php on line 645.
 1 SYSTEMPATH\Database\BaseBuilder.php(1616): CodeIgniter\Database\BaseConnection->query('SELECT *
FROM `tbl_Sekolah`
LEFT JOIN `tbl_jenjang` ON `tbl_jenjang`.`id_jenjang` = `id_jenjabg`', [], false)
 2 APPPATH\Models\ModelSekolah.php(14): CodeIgniter\Database\BaseBuilder->get()
 3 APPPATH\Controllers\Sekolah.php(34): App\Models\ModelSekolah->AllData()
 4 SYSTEMPATH\CodeIgniter.php(934): App\Controllers\Sekolah->index()
 5 SYSTEMPATH\CodeIgniter.php(499): CodeIgniter\CodeIgniter->runController(Object(App\Controllers\Sekolah))
 6 SYSTEMPATH\CodeIgniter.php(368): CodeIgniter\CodeIgniter->handleRequest(null, Object(Config\Cache), false)
 7 FCPATH\index.php(67): CodeIgniter\CodeIgniter->run()
INFO - 2026-06-10 15:38:12 --> Session: Class initialized using 'CodeIgniter\Session\Handlers\FileHandler' driver.
ERROR - 2026-06-10 15:38:12 --> mysqli_sql_exception: Unknown column 'id_jenjabg' in 'on clause' in C:\wamp64\www\PBL_kel_6\system\Database\MySQLi\Connection.php:295
Stack trace:
#0 C:\wamp64\www\PBL_kel_6\system\Database\MySQLi\Connection.php(295): mysqli->query('SELECT *\nFROM `...', 0)
#1 C:\wamp64\www\PBL_kel_6\system\Database\BaseConnection.php(691): CodeIgniter\Database\MySQLi\Connection->execute('SELECT *\nFROM `...')
#2 C:\wamp64\www\PBL_kel_6\system\Database\BaseConnection.php(605): CodeIgniter\Database\BaseConnection->simpleQuery('SELECT *\nFROM `...')
#3 C:\wamp64\www\PBL_kel_6\system\Database\BaseBuilder.php(1616): CodeIgniter\Database\BaseConnection->query('SELECT *\nFROM `...', Array, false)
#4 C:\wamp64\www\PBL_kel_6\app\Models\ModelSekolah.php(14): CodeIgniter\Database\BaseBuilder->get()
#5 C:\wamp64\www\PBL_kel_6\app\Controllers\Sekolah.php(34): App\Models\ModelSekolah->AllData()
#6 C:\wamp64\www\PBL_kel_6\system\CodeIgniter.php(934): App\Controllers\Sekolah->index()
#7 C:\wamp64\www\PBL_kel_6\system\CodeIgniter.php(499): CodeIgniter\CodeIgniter->runController(Object(App\Controllers\Sekolah))
#8 C:\wamp64\www\PBL_kel_6\system\CodeIgniter.php(368): CodeIgniter\CodeIgniter->handleRequest(NULL, Object(Config\Cache), false)
#9 C:\wamp64\www\PBL_kel_6\public\index.php(67): CodeIgniter\CodeIgniter->run()
#10 {main}
CRITICAL - 2026-06-10 15:38:12 --> Unknown column 'id_jenjabg' in 'on clause'
in SYSTEMPATH\Database\BaseConnection.php on line 645.
 1 SYSTEMPATH\Database\BaseBuilder.php(1616): CodeIgniter\Database\BaseConnection->query('SELECT *
FROM `tbl_Sekolah`
LEFT JOIN `tbl_jenjang` ON `tbl_jenjang`.`id_jenjang` = `id_jenjabg`', [], false)
 2 APPPATH\Models\ModelSekolah.php(14): CodeIgniter\Database\BaseBuilder->get()
 3 APPPATH\Controllers\Sekolah.php(34): App\Models\ModelSekolah->AllData()
 4 SYSTEMPATH\CodeIgniter.php(934): App\Controllers\Sekolah->index()
 5 SYSTEMPATH\CodeIgniter.php(499): CodeIgniter\CodeIgniter->runController(Object(App\Controllers\Sekolah))
 6 SYSTEMPATH\CodeIgniter.php(368): CodeIgniter\CodeIgniter->handleRequest(null, Object(Config\Cache), false)
 7 FCPATH\index.php(67): CodeIgniter\CodeIgniter->run()
INFO - 2026-06-10 15:38:12 --> Session: Class initialized using 'CodeIgniter\Session\Handlers\FileHandler' driver.
ERROR - 2026-06-10 15:38:12 --> mysqli_sql_exception: Unknown column 'id_jenjabg' in 'on clause' in C:\wamp64\www\PBL_kel_6\system\Database\MySQLi\Connection.php:295
Stack trace:
#0 C:\wamp64\www\PBL_kel_6\system\Database\MySQLi\Connection.php(295): mysqli->query('SELECT *\nFROM `...', 0)
#1 C:\wamp64\www\PBL_kel_6\system\Database\BaseConnection.php(691): CodeIgniter\Database\MySQLi\Connection->execute('SELECT *\nFROM `...')
#2 C:\wamp64\www\PBL_kel_6\system\Database\BaseConnection.php(605): CodeIgniter\Database\BaseConnection->simpleQuery('SELECT *\nFROM `...')
#3 C:\wamp64\www\PBL_kel_6\system\Database\BaseBuilder.php(1616): CodeIgniter\Database\BaseConnection->query('SELECT *\nFROM `...', Array, false)
#4 C:\wamp64\www\PBL_kel_6\app\Models\ModelSekolah.php(14): CodeIgniter\Database\BaseBuilder->get()
#5 C:\wamp64\www\PBL_kel_6\app\Controllers\Sekolah.php(34): App\Models\ModelSekolah->AllData()
#6 C:\wamp64\www\PBL_kel_6\system\CodeIgniter.php(934): App\Controllers\Sekolah->index()
#7 C:\wamp64\www\PBL_kel_6\system\CodeIgniter.php(499): CodeIgniter\CodeIgniter->runController(Object(App\Controllers\Sekolah))
#8 C:\wamp64\www\PBL_kel_6\system\CodeIgniter.php(368): CodeIgniter\CodeIgniter->handleRequest(NULL, Object(Config\Cache), false)
#9 C:\wamp64\www\PBL_kel_6\public\index.php(67): CodeIgniter\CodeIgniter->run()
#10 {main}
CRITICAL - 2026-06-10 15:38:12 --> Unknown column 'id_jenjabg' in 'on clause'
in SYSTEMPATH\Database\BaseConnection.php on line 645.
 1 SYSTEMPATH\Database\BaseBuilder.php(1616): CodeIgniter\Database\BaseConnection->query('SELECT *
FROM `tbl_Sekolah`
LEFT JOIN `tbl_jenjang` ON `tbl_jenjang`.`id_jenjang` = `id_jenjabg`', [], false)
 2 APPPATH\Models\ModelSekolah.php(14): CodeIgniter\Database\BaseBuilder->get()
 3 APPPATH\Controllers\Sekolah.php(34): App\Models\ModelSekolah->AllData()
 4 SYSTEMPATH\CodeIgniter.php(934): App\Controllers\Sekolah->index()
 5 SYSTEMPATH\CodeIgniter.php(499): CodeIgniter\CodeIgniter->runController(Object(App\Controllers\Sekolah))
 6 SYSTEMPATH\CodeIgniter.php(368): CodeIgniter\CodeIgniter->handleRequest(null, Object(Config\Cache), false)
 7 FCPATH\index.php(67): CodeIgniter\CodeIgniter->run()
INFO - 2026-06-10 15:38:13 --> Session: Class initialized using 'CodeIgniter\Session\Handlers\FileHandler' driver.
ERROR - 2026-06-10 15:38:13 --> mysqli_sql_exception: Column 'id_jenjang' in on clause is ambiguous in C:\wamp64\www\PBL_kel_6\system\Database\MySQLi\Connection.php:295
Stack trace:
#0 C:\wamp64\www\PBL_kel_6\system\Database\MySQLi\Connection.php(295): mysqli->query('SELECT *\nFROM `...', 0)
#1 C:\wamp64\www\PBL_kel_6\system\Database\BaseConnection.php(691): CodeIgniter\Database\MySQLi\Connection->execute('SELECT *\nFROM `...')
#2 C:\wamp64\www\PBL_kel_6\system\Database\BaseConnection.php(605): CodeIgniter\Database\BaseConnection->simpleQuery('SELECT *\nFROM `...')
#3 C:\wamp64\www\PBL_kel_6\system\Database\BaseBuilder.php(1616): CodeIgniter\Database\BaseConnection->query('SELECT *\nFROM `...', Array, false)
#4 C:\wamp64\www\PBL_kel_6\app\Models\ModelSekolah.php(14): CodeIgniter\Database\BaseBuilder->get()
#5 C:\wamp64\www\PBL_kel_6\app\Controllers\Sekolah.php(34): App\Models\ModelSekolah->AllData()
#6 C:\wamp64\www\PBL_kel_6\system\CodeIgniter.php(934): App\Controllers\Sekolah->index()
#7 C:\wamp64\www\PBL_kel_6\system\CodeIgniter.php(499): CodeIgniter\CodeIgniter->runController(Object(App\Controllers\Sekolah))
#8 C:\wamp64\www\PBL_kel_6\system\CodeIgniter.php(368): CodeIgniter\CodeIgniter->handleRequest(NULL, Object(Config\Cache), false)
#9 C:\wamp64\www\PBL_kel_6\public\index.php(67): CodeIgniter\CodeIgniter->run()
#10 {main}
CRITICAL - 2026-06-10 15:38:13 --> Column 'id_jenjang' in on clause is ambiguous
in SYSTEMPATH\Database\BaseConnection.php on line 645.
 1 SYSTEMPATH\Database\BaseBuilder.php(1616): CodeIgniter\Database\BaseConnection->query('SELECT *
FROM `tbl_Sekolah`
LEFT JOIN `tbl_jenjang` ON `tbl_jenjang`.`id_jenjang` = `id_jenjang`', [], false)
 2 APPPATH\Models\ModelSekolah.php(14): CodeIgniter\Database\BaseBuilder->get()
 3 APPPATH\Controllers\Sekolah.php(34): App\Models\ModelSekolah->AllData()
 4 SYSTEMPATH\CodeIgniter.php(934): App\Controllers\Sekolah->index()
 5 SYSTEMPATH\CodeIgniter.php(499): CodeIgniter\CodeIgniter->runController(Object(App\Controllers\Sekolah))
 6 SYSTEMPATH\CodeIgniter.php(368): CodeIgniter\CodeIgniter->handleRequest(null, Object(Config\Cache), false)
 7 FCPATH\index.php(67): CodeIgniter\CodeIgniter->run()
INFO - 2026-06-10 15:38:13 --> Session: Class initialized using 'CodeIgniter\Session\Handlers\FileHandler' driver.
ERROR - 2026-06-10 15:38:13 --> mysqli_sql_exception: Column 'id_jenjang' in on clause is ambiguous in C:\wamp64\www\PBL_kel_6\system\Database\MySQLi\Connection.php:295
Stack trace:
#0 C:\wamp64\www\PBL_kel_6\system\Database\MySQLi\Connection.php(295): mysqli->query('SELECT *\nFROM `...', 0)
#1 C:\wamp64\www\PBL_kel_6\system\Database\BaseConnection.php(691): CodeIgniter\Database\MySQLi\Connection->execute('SELECT *\nFROM `...')
#2 C:\wamp64\www\PBL_kel_6\system\Database\BaseConnection.php(605): CodeIgniter\Database\BaseConnection->simpleQuery('SELECT *\nFROM `...')
#3 C:\wamp64\www\PBL_kel_6\system\Database\BaseBuilder.php(1616): CodeIgniter\Database\BaseConnection->query('SELECT *\nFROM `...', Array, false)
#4 C:\wamp64\www\PBL_kel_6\app\Models\ModelSekolah.php(14): CodeIgniter\Database\BaseBuilder->get()
#5 C:\wamp64\www\PBL_kel_6\app\Controllers\Sekolah.php(34): App\Models\ModelSekolah->AllData()
#6 C:\wamp64\www\PBL_kel_6\system\CodeIgniter.php(934): App\Controllers\Sekolah->index()
#7 C:\wamp64\www\PBL_kel_6\system\CodeIgniter.php(499): CodeIgniter\CodeIgniter->runController(Object(App\Controllers\Sekolah))
#8 C:\wamp64\www\PBL_kel_6\system\CodeIgniter.php(368): CodeIgniter\CodeIgniter->handleRequest(NULL, Object(Config\Cache), false)
#9 C:\wamp64\www\PBL_kel_6\public\index.php(67): CodeIgniter\CodeIgniter->run()
#10 {main}
CRITICAL - 2026-06-10 15:38:13 --> Column 'id_jenjang' in on clause is ambiguous
in SYSTEMPATH\Database\BaseConnection.php on line 645.
 1 SYSTEMPATH\Database\BaseBuilder.php(1616): CodeIgniter\Database\BaseConnection->query('SELECT *
FROM `tbl_Sekolah`
LEFT JOIN `tbl_jenjang` ON `tbl_jenjang`.`id_jenjang` = `id_jenjang`', [], false)
 2 APPPATH\Models\ModelSekolah.php(14): CodeIgniter\Database\BaseBuilder->get()
 3 APPPATH\Controllers\Sekolah.php(34): App\Models\ModelSekolah->AllData()
 4 SYSTEMPATH\CodeIgniter.php(934): App\Controllers\Sekolah->index()
 5 SYSTEMPATH\CodeIgniter.php(499): CodeIgniter\CodeIgniter->runController(Object(App\Controllers\Sekolah))
 6 SYSTEMPATH\CodeIgniter.php(368): CodeIgniter\CodeIgniter->handleRequest(null, Object(Config\Cache), false)
 7 FCPATH\index.php(67): CodeIgniter\CodeIgniter->run()
INFO - 2026-06-10 15:38:13 --> Session: Class initialized using 'CodeIgniter\Session\Handlers\FileHandler' driver.
ERROR - 2026-06-10 15:38:13 --> mysqli_sql_exception: Column 'id_jenjang' in on clause is ambiguous in C:\wamp64\www\PBL_kel_6\system\Database\MySQLi\Connection.php:295
Stack trace:
#0 C:\wamp64\www\PBL_kel_6\system\Database\MySQLi\Connection.php(295): mysqli->query('SELECT *\nFROM `...', 0)
#1 C:\wamp64\www\PBL_kel_6\system\Database\BaseConnection.php(691): CodeIgniter\Database\MySQLi\Connection->execute('SELECT *\nFROM `...')
#2 C:\wamp64\www\PBL_kel_6\system\Database\BaseConnection.php(605): CodeIgniter\Database\BaseConnection->simpleQuery('SELECT *\nFROM `...')
#3 C:\wamp64\www\PBL_kel_6\system\Database\BaseBuilder.php(1616): CodeIgniter\Database\BaseConnection->query('SELECT *\nFROM `...', Array, false)
#4 C:\wamp64\www\PBL_kel_6\app\Models\ModelSekolah.php(14): CodeIgniter\Database\BaseBuilder->get()
#5 C:\wamp64\www\PBL_kel_6\app\Controllers\Sekolah.php(34): App\Models\ModelSekolah->AllData()
#6 C:\wamp64\www\PBL_kel_6\system\CodeIgniter.php(934): App\Controllers\Sekolah->index()
#7 C:\wamp64\www\PBL_kel_6\system\CodeIgniter.php(499): CodeIgniter\CodeIgniter->runController(Object(App\Controllers\Sekolah))
#8 C:\wamp64\www\PBL_kel_6\system\CodeIgniter.php(368): CodeIgniter\CodeIgniter->handleRequest(NULL, Object(Config\Cache), false)
#9 C:\wamp64\www\PBL_kel_6\public\index.php(67): CodeIgniter\CodeIgniter->run()
#10 {main}
CRITICAL - 2026-06-10 15:38:13 --> Column 'id_jenjang' in on clause is ambiguous
in SYSTEMPATH\Database\BaseConnection.php on line 645.
 1 SYSTEMPATH\Database\BaseBuilder.php(1616): CodeIgniter\Database\BaseConnection->query('SELECT *
FROM `tbl_Sekolah`
LEFT JOIN `tbl_jenjang` ON `tbl_jenjang`.`id_jenjang` = `id_jenjang`', [], false)
 2 APPPATH\Models\ModelSekolah.php(14): CodeIgniter\Database\BaseBuilder->get()
 3 APPPATH\Controllers\Sekolah.php(34): App\Models\ModelSekolah->AllData()
 4 SYSTEMPATH\CodeIgniter.php(934): App\Controllers\Sekolah->index()
 5 SYSTEMPATH\CodeIgniter.php(499): CodeIgniter\CodeIgniter->runController(Object(App\Controllers\Sekolah))
 6 SYSTEMPATH\CodeIgniter.php(368): CodeIgniter\CodeIgniter->handleRequest(null, Object(Config\Cache), false)
 7 FCPATH\index.php(67): CodeIgniter\CodeIgniter->run()
INFO - 2026-06-10 15:39:08 --> Session: Class initialized using 'CodeIgniter\Session\Handlers\FileHandler' driver.
INFO - 2026-06-10 15:39:16 --> Session: Class initialized using 'CodeIgniter\Session\Handlers\FileHandler' driver.
INFO - 2026-06-10 15:39:18 --> Session: Class initialized using 'CodeIgniter\Session\Handlers\FileHandler' driver.
INFO - 2026-06-10 15:39:26 --> Session: Class initialized using 'CodeIgniter\Session\Handlers\FileHandler' driver.
INFO - 2026-06-10 15:39:28 --> Session: Class initialized using 'CodeIgniter\Session\Handlers\FileHandler' driver.
INFO - 2026-06-10 15:39:29 --> Session: Class initialized using 'CodeIgniter\Session\Handlers\FileHandler' driver.
INFO - 2026-06-10 15:41:14 --> Session: Class initialized using 'CodeIgniter\Session\Handlers\FileHandler' driver.
INFO - 2026-06-10 15:43:39 --> Session: Class initialized using 'CodeIgniter\Session\Handlers\FileHandler' driver.
INFO - 2026-06-10 15:43:42 --> Session: Class initialized using 'CodeIgniter\Session\Handlers\FileHandler' driver.
INFO - 2026-06-10 15:44:52 --> Session: Class initialized using 'CodeIgniter\Session\Handlers\FileHandler' driver.
INFO - 2026-06-10 15:44:53 --> Session: Class initialized using 'CodeIgniter\Session\Handlers\FileHandler' driver.
INFO - 2026-06-10 15:44:53 --> Session: Class initialized using 'CodeIgniter\Session\Handlers\FileHandler' driver.
INFO - 2026-06-10 15:44:53 --> Session: Class initialized using 'CodeIgniter\Session\Handlers\FileHandler' driver.
INFO - 2026-06-10 15:44:53 --> Session: Class initialized using 'CodeIgniter\Session\Handlers\FileHandler' driver.
INFO - 2026-06-10 15:46:56 --> Session: Class initialized using 'CodeIgniter\Session\Handlers\FileHandler' driver.
INFO - 2026-06-10 15:47:26 --> Session: Class initialized using 'CodeIgniter\Session\Handlers\FileHandler' driver.
INFO - 2026-06-10 16:28:55 --> Session: Class initialized using 'CodeIgniter\Session\Handlers\FileHandler' driver.
INFO - 2026-06-10 16:28:56 --> Session: Class initialized using 'CodeIgniter\Session\Handlers\FileHandler' driver.
CRITICAL - 2026-06-10 16:28:56 --> Undefined array key "id_jenjang"
in APPPATH\Views\sekolah\v_input.php on line 55.
 1 APPPATH\Views\sekolah\v_input.php(55): CodeIgniter\Debug\Exceptions->errorHandler(2, 'Undefined array key "id_jenjang"', 'APPPATH\\Views\\sekolah\\v_input.php', 55)
 2 SYSTEMPATH\View\View.php(213): include('APPPATH\\Views\\sekolah\\v_input.php')
 3 SYSTEMPATH\View\View.php(216): CodeIgniter\View\View->CodeIgniter\View\{closure}()
 4 SYSTEMPATH\Common.php(1184): CodeIgniter\View\View->render('sekolah/v_input', [], true)
 5 APPPATH\Views\v_template_back_end.php(213): view('sekolah/v_input')
 6 SYSTEMPATH\View\View.php(213): include('APPPATH\\Views\\v_template_back_end.php')
 7 SYSTEMPATH\View\View.php(216): CodeIgniter\View\View->CodeIgniter\View\{closure}()
 8 SYSTEMPATH\Common.php(1184): CodeIgniter\View\View->render('v_template_back_end', [], true)
 9 APPPATH\Controllers\Sekolah.php(50): view('v_template_back_end', [...])
10 SYSTEMPATH\CodeIgniter.php(934): App\Controllers\Sekolah->input()
11 SYSTEMPATH\CodeIgniter.php(499): CodeIgniter\CodeIgniter->runController(Object(App\Controllers\Sekolah))
12 SYSTEMPATH\CodeIgniter.php(368): CodeIgniter\CodeIgniter->handleRequest(null, Object(Config\Cache), false)
13 FCPATH\index.php(67): CodeIgniter\CodeIgniter->run()
INFO - 2026-06-10 16:32:04 --> Session: Class initialized using 'CodeIgniter\Session\Handlers\FileHandler' driver.
CRITICAL - 2026-06-10 16:32:04 --> Undefined array key "id_jenjang"
in APPPATH\Views\sekolah\v_input.php on line 55.
 1 APPPATH\Views\sekolah\v_input.php(55): CodeIgniter\Debug\Exceptions->errorHandler(2, 'Undefined array key "id_jenjang"', 'APPPATH\\Views\\sekolah\\v_input.php', 55)
 2 SYSTEMPATH\View\View.php(213): include('APPPATH\\Views\\sekolah\\v_input.php')
 3 SYSTEMPATH\View\View.php(216): CodeIgniter\View\View->CodeIgniter\View\{closure}()
 4 SYSTEMPATH\Common.php(1184): CodeIgniter\View\View->render('sekolah/v_input', [], true)
 5 APPPATH\Views\v_template_back_end.php(213): view('sekolah/v_input')
 6 SYSTEMPATH\View\View.php(213): include('APPPATH\\Views\\v_template_back_end.php')
 7 SYSTEMPATH\View\View.php(216): CodeIgniter\View\View->CodeIgniter\View\{closure}()
 8 SYSTEMPATH\Common.php(1184): CodeIgniter\View\View->render('v_template_back_end', [], true)
 9 APPPATH\Controllers\Sekolah.php(50): view('v_template_back_end', [...])
10 SYSTEMPATH\CodeIgniter.php(934): App\Controllers\Sekolah->input()
11 SYSTEMPATH\CodeIgniter.php(499): CodeIgniter\CodeIgniter->runController(Object(App\Controllers\Sekolah))
12 SYSTEMPATH\CodeIgniter.php(368): CodeIgniter\CodeIgniter->handleRequest(null, Object(Config\Cache), false)
13 FCPATH\index.php(67): CodeIgniter\CodeIgniter->run()
INFO - 2026-06-10 16:32:05 --> Session: Class initialized using 'CodeIgniter\Session\Handlers\FileHandler' driver.
CRITICAL - 2026-06-10 16:32:05 --> Undefined array key "id_jenjang"
in APPPATH\Views\sekolah\v_input.php on line 55.
 1 APPPATH\Views\sekolah\v_input.php(55): CodeIgniter\Debug\Exceptions->errorHandler(2, 'Undefined array key "id_jenjang"', 'APPPATH\\Views\\sekolah\\v_input.php', 55)
 2 SYSTEMPATH\View\View.php(213): include('APPPATH\\Views\\sekolah\\v_input.php')
 3 SYSTEMPATH\View\View.php(216): CodeIgniter\View\View->CodeIgniter\View\{closure}()
 4 SYSTEMPATH\Common.php(1184): CodeIgniter\View\View->render('sekolah/v_input', [], true)
 5 APPPATH\Views\v_template_back_end.php(213): view('sekolah/v_input')
 6 SYSTEMPATH\View\View.php(213): include('APPPATH\\Views\\v_template_back_end.php')
 7 SYSTEMPATH\View\View.php(216): CodeIgniter\View\View->CodeIgniter\View\{closure}()
 8 SYSTEMPATH\Common.php(1184): CodeIgniter\View\View->render('v_template_back_end', [], true)
 9 APPPATH\Controllers\Sekolah.php(50): view('v_template_back_end', [...])
10 SYSTEMPATH\CodeIgniter.php(934): App\Controllers\Sekolah->input()
11 SYSTEMPATH\CodeIgniter.php(499): CodeIgniter\CodeIgniter->runController(Object(App\Controllers\Sekolah))
12 SYSTEMPATH\CodeIgniter.php(368): CodeIgniter\CodeIgniter->handleRequest(null, Object(Config\Cache), false)
13 FCPATH\index.php(67): CodeIgniter\CodeIgniter->run()
INFO - 2026-06-10 16:32:06 --> Session: Class initialized using 'CodeIgniter\Session\Handlers\FileHandler' driver.
CRITICAL - 2026-06-10 16:32:06 --> Undefined array key "id_jenjang"
in APPPATH\Views\sekolah\v_input.php on line 55.
 1 APPPATH\Views\sekolah\v_input.php(55): CodeIgniter\Debug\Exceptions->errorHandler(2, 'Undefined array key "id_jenjang"', 'APPPATH\\Views\\sekolah\\v_input.php', 55)
 2 SYSTEMPATH\View\View.php(213): include('APPPATH\\Views\\sekolah\\v_input.php')
 3 SYSTEMPATH\View\View.php(216): CodeIgniter\View\View->CodeIgniter\View\{closure}()
 4 SYSTEMPATH\Common.php(1184): CodeIgniter\View\View->render('sekolah/v_input', [], true)
 5 APPPATH\Views\v_template_back_end.php(213): view('sekolah/v_input')
 6 SYSTEMPATH\View\View.php(213): include('APPPATH\\Views\\v_template_back_end.php')
 7 SYSTEMPATH\View\View.php(216): CodeIgniter\View\View->CodeIgniter\View\{closure}()
 8 SYSTEMPATH\Common.php(1184): CodeIgniter\View\View->render('v_template_back_end', [], true)
 9 APPPATH\Controllers\Sekolah.php(50): view('v_template_back_end', [...])
10 SYSTEMPATH\CodeIgniter.php(934): App\Controllers\Sekolah->input()
11 SYSTEMPATH\CodeIgniter.php(499): CodeIgniter\CodeIgniter->runController(Object(App\Controllers\Sekolah))
12 SYSTEMPATH\CodeIgniter.php(368): CodeIgniter\CodeIgniter->handleRequest(null, Object(Config\Cache), false)
13 FCPATH\index.php(67): CodeIgniter\CodeIgniter->run()
INFO - 2026-06-10 16:32:06 --> Session: Class initialized using 'CodeIgniter\Session\Handlers\FileHandler' driver.
CRITICAL - 2026-06-10 16:32:06 --> Undefined array key "id_jenjang"
in APPPATH\Views\sekolah\v_input.php on line 55.
 1 APPPATH\Views\sekolah\v_input.php(55): CodeIgniter\Debug\Exceptions->errorHandler(2, 'Undefined array key "id_jenjang"', 'APPPATH\\Views\\sekolah\\v_input.php', 55)
 2 SYSTEMPATH\View\View.php(213): include('APPPATH\\Views\\sekolah\\v_input.php')
 3 SYSTEMPATH\View\View.php(216): CodeIgniter\View\View->CodeIgniter\View\{closure}()
 4 SYSTEMPATH\Common.php(1184): CodeIgniter\View\View->render('sekolah/v_input', [], true)
 5 APPPATH\Views\v_template_back_end.php(213): view('sekolah/v_input')
 6 SYSTEMPATH\View\View.php(213): include('APPPATH\\Views\\v_template_back_end.php')
 7 SYSTEMPATH\View\View.php(216): CodeIgniter\View\View->CodeIgniter\View\{closure}()
 8 SYSTEMPATH\Common.php(1184): CodeIgniter\View\View->render('v_template_back_end', [], true)
 9 APPPATH\Controllers\Sekolah.php(50): view('v_template_back_end', [...])
10 SYSTEMPATH\CodeIgniter.php(934): App\Controllers\Sekolah->input()
11 SYSTEMPATH\CodeIgniter.php(499): CodeIgniter\CodeIgniter->runController(Object(App\Controllers\Sekolah))
12 SYSTEMPATH\CodeIgniter.php(368): CodeIgniter\CodeIgniter->handleRequest(null, Object(Config\Cache), false)
13 FCPATH\index.php(67): CodeIgniter\CodeIgniter->run()
INFO - 2026-06-10 16:32:06 --> Session: Class initialized using 'CodeIgniter\Session\Handlers\FileHandler' driver.
CRITICAL - 2026-06-10 16:32:06 --> Undefined array key "id_jenjang"
in APPPATH\Views\sekolah\v_input.php on line 55.
 1 APPPATH\Views\sekolah\v_input.php(55): CodeIgniter\Debug\Exceptions->errorHandler(2, 'Undefined array key "id_jenjang"', 'APPPATH\\Views\\sekolah\\v_input.php', 55)
 2 SYSTEMPATH\View\View.php(213): include('APPPATH\\Views\\sekolah\\v_input.php')
 3 SYSTEMPATH\View\View.php(216): CodeIgniter\View\View->CodeIgniter\View\{closure}()
 4 SYSTEMPATH\Common.php(1184): CodeIgniter\View\View->render('sekolah/v_input', [], true)
 5 APPPATH\Views\v_template_back_end.php(213): view('sekolah/v_input')
 6 SYSTEMPATH\View\View.php(213): include('APPPATH\\Views\\v_template_back_end.php')
 7 SYSTEMPATH\View\View.php(216): CodeIgniter\View\View->CodeIgniter\View\{closure}()
 8 SYSTEMPATH\Common.php(1184): CodeIgniter\View\View->render('v_template_back_end', [], true)
 9 APPPATH\Controllers\Sekolah.php(50): view('v_template_back_end', [...])
10 SYSTEMPATH\CodeIgniter.php(934): App\Controllers\Sekolah->input()
11 SYSTEMPATH\CodeIgniter.php(499): CodeIgniter\CodeIgniter->runController(Object(App\Controllers\Sekolah))
12 SYSTEMPATH\CodeIgniter.php(368): CodeIgniter\CodeIgniter->handleRequest(null, Object(Config\Cache), false)
13 FCPATH\index.php(67): CodeIgniter\CodeIgniter->run()
INFO - 2026-06-10 16:32:06 --> Session: Class initialized using 'CodeIgniter\Session\Handlers\FileHandler' driver.
CRITICAL - 2026-06-10 16:32:06 --> Undefined array key "id_jenjang"
in APPPATH\Views\sekolah\v_input.php on line 55.
 1 APPPATH\Views\sekolah\v_input.php(55): CodeIgniter\Debug\Exceptions->errorHandler(2, 'Undefined array key "id_jenjang"', 'APPPATH\\Views\\sekolah\\v_input.php', 55)
 2 SYSTEMPATH\View\View.php(213): include('APPPATH\\Views\\sekolah\\v_input.php')
 3 SYSTEMPATH\View\View.php(216): CodeIgniter\View\View->CodeIgniter\View\{closure}()
 4 SYSTEMPATH\Common.php(1184): CodeIgniter\View\View->render('sekolah/v_input', [], true)
 5 APPPATH\Views\v_template_back_end.php(213): view('sekolah/v_input')
 6 SYSTEMPATH\View\View.php(213): include('APPPATH\\Views\\v_template_back_end.php')
 7 SYSTEMPATH\View\View.php(216): CodeIgniter\View\View->CodeIgniter\View\{closure}()
 8 SYSTEMPATH\Common.php(1184): CodeIgniter\View\View->render('v_template_back_end', [], true)
 9 APPPATH\Controllers\Sekolah.php(50): view('v_template_back_end', [...])
10 SYSTEMPATH\CodeIgniter.php(934): App\Controllers\Sekolah->input()
11 SYSTEMPATH\CodeIgniter.php(499): CodeIgniter\CodeIgniter->runController(Object(App\Controllers\Sekolah))
12 SYSTEMPATH\CodeIgniter.php(368): CodeIgniter\CodeIgniter->handleRequest(null, Object(Config\Cache), false)
13 FCPATH\index.php(67): CodeIgniter\CodeIgniter->run()
INFO - 2026-06-10 16:32:07 --> Session: Class initialized using 'CodeIgniter\Session\Handlers\FileHandler' driver.
CRITICAL - 2026-06-10 16:32:07 --> Undefined array key "id_jenjang"
in APPPATH\Views\sekolah\v_input.php on line 55.
 1 APPPATH\Views\sekolah\v_input.php(55): CodeIgniter\Debug\Exceptions->errorHandler(2, 'Undefined array key "id_jenjang"', 'APPPATH\\Views\\sekolah\\v_input.php', 55)
 2 SYSTEMPATH\View\View.php(213): include('APPPATH\\Views\\sekolah\\v_input.php')
 3 SYSTEMPATH\View\View.php(216): CodeIgniter\View\View->CodeIgniter\View\{closure}()
 4 SYSTEMPATH\Common.php(1184): CodeIgniter\View\View->render('sekolah/v_input', [], true)
 5 APPPATH\Views\v_template_back_end.php(213): view('sekolah/v_input')
 6 SYSTEMPATH\View\View.php(213): include('APPPATH\\Views\\v_template_back_end.php')
 7 SYSTEMPATH\View\View.php(216): CodeIgniter\View\View->CodeIgniter\View\{closure}()
 8 SYSTEMPATH\Common.php(1184): CodeIgniter\View\View->render('v_template_back_end', [], true)
 9 APPPATH\Controllers\Sekolah.php(50): view('v_template_back_end', [...])
10 SYSTEMPATH\CodeIgniter.php(934): App\Controllers\Sekolah->input()
11 SYSTEMPATH\CodeIgniter.php(499): CodeIgniter\CodeIgniter->runController(Object(App\Controllers\Sekolah))
12 SYSTEMPATH\CodeIgniter.php(368): CodeIgniter\CodeIgniter->handleRequest(null, Object(Config\Cache), false)
13 FCPATH\index.php(67): CodeIgniter\CodeIgniter->run()
INFO - 2026-06-10 16:32:07 --> Session: Class initialized using 'CodeIgniter\Session\Handlers\FileHandler' driver.
CRITICAL - 2026-06-10 16:32:07 --> Undefined array key "id_jenjang"
in APPPATH\Views\sekolah\v_input.php on line 55.
 1 APPPATH\Views\sekolah\v_input.php(55): CodeIgniter\Debug\Exceptions->errorHandler(2, 'Undefined array key "id_jenjang"', 'APPPATH\\Views\\sekolah\\v_input.php', 55)
 2 SYSTEMPATH\View\View.php(213): include('APPPATH\\Views\\sekolah\\v_input.php')
 3 SYSTEMPATH\View\View.php(216): CodeIgniter\View\View->CodeIgniter\View\{closure}()
 4 SYSTEMPATH\Common.php(1184): CodeIgniter\View\View->render('sekolah/v_input', [], true)
 5 APPPATH\Views\v_template_back_end.php(213): view('sekolah/v_input')
 6 SYSTEMPATH\View\View.php(213): include('APPPATH\\Views\\v_template_back_end.php')
 7 SYSTEMPATH\View\View.php(216): CodeIgniter\View\View->CodeIgniter\View\{closure}()
 8 SYSTEMPATH\Common.php(1184): CodeIgniter\View\View->render('v_template_back_end', [], true)
 9 APPPATH\Controllers\Sekolah.php(50): view('v_template_back_end', [...])
10 SYSTEMPATH\CodeIgniter.php(934): App\Controllers\Sekolah->input()
11 SYSTEMPATH\CodeIgniter.php(499): CodeIgniter\CodeIgniter->runController(Object(App\Controllers\Sekolah))
12 SYSTEMPATH\CodeIgniter.php(368): CodeIgniter\CodeIgniter->handleRequest(null, Object(Config\Cache), false)
13 FCPATH\index.php(67): CodeIgniter\CodeIgniter->run()
INFO - 2026-06-10 16:33:01 --> Session: Class initialized using 'CodeIgniter\Session\Handlers\FileHandler' driver.
CRITICAL - 2026-06-10 16:33:01 --> Undefined array key "id_jenjang"
in APPPATH\Views\sekolah\v_input.php on line 55.
 1 APPPATH\Views\sekolah\v_input.php(55): CodeIgniter\Debug\Exceptions->errorHandler(2, 'Undefined array key "id_jenjang"', 'APPPATH\\Views\\sekolah\\v_input.php', 55)
 2 SYSTEMPATH\View\View.php(213): include('APPPATH\\Views\\sekolah\\v_input.php')
 3 SYSTEMPATH\View\View.php(216): CodeIgniter\View\View->CodeIgniter\View\{closure}()
 4 SYSTEMPATH\Common.php(1184): CodeIgniter\View\View->render('sekolah/v_input', [], true)
 5 APPPATH\Views\v_template_back_end.php(213): view('sekolah/v_input')
 6 SYSTEMPATH\View\View.php(213): include('APPPATH\\Views\\v_template_back_end.php')
 7 SYSTEMPATH\View\View.php(216): CodeIgniter\View\View->CodeIgniter\View\{closure}()
 8 SYSTEMPATH\Common.php(1184): CodeIgniter\View\View->render('v_template_back_end', [], true)
 9 APPPATH\Controllers\Sekolah.php(50): view('v_template_back_end', [...])
10 SYSTEMPATH\CodeIgniter.php(934): App\Controllers\Sekolah->input()
11 SYSTEMPATH\CodeIgniter.php(499): CodeIgniter\CodeIgniter->runController(Object(App\Controllers\Sekolah))
12 SYSTEMPATH\CodeIgniter.php(368): CodeIgniter\CodeIgniter->handleRequest(null, Object(Config\Cache), false)
13 FCPATH\index.php(67): CodeIgniter\CodeIgniter->run()
INFO - 2026-06-10 16:33:02 --> Session: Class initialized using 'CodeIgniter\Session\Handlers\FileHandler' driver.
CRITICAL - 2026-06-10 16:33:02 --> Undefined array key "id_jenjang"
in APPPATH\Views\sekolah\v_input.php on line 55.
 1 APPPATH\Views\sekolah\v_input.php(55): CodeIgniter\Debug\Exceptions->errorHandler(2, 'Undefined array key "id_jenjang"', 'APPPATH\\Views\\sekolah\\v_input.php', 55)
 2 SYSTEMPATH\View\View.php(213): include('APPPATH\\Views\\sekolah\\v_input.php')
 3 SYSTEMPATH\View\View.php(216): CodeIgniter\View\View->CodeIgniter\View\{closure}()
 4 SYSTEMPATH\Common.php(1184): CodeIgniter\View\View->render('sekolah/v_input', [], true)
 5 APPPATH\Views\v_template_back_end.php(213): view('sekolah/v_input')
 6 SYSTEMPATH\View\View.php(213): include('APPPATH\\Views\\v_template_back_end.php')
 7 SYSTEMPATH\View\View.php(216): CodeIgniter\View\View->CodeIgniter\View\{closure}()
 8 SYSTEMPATH\Common.php(1184): CodeIgniter\View\View->render('v_template_back_end', [], true)
 9 APPPATH\Controllers\Sekolah.php(50): view('v_template_back_end', [...])
10 SYSTEMPATH\CodeIgniter.php(934): App\Controllers\Sekolah->input()
11 SYSTEMPATH\CodeIgniter.php(499): CodeIgniter\CodeIgniter->runController(Object(App\Controllers\Sekolah))
12 SYSTEMPATH\CodeIgniter.php(368): CodeIgniter\CodeIgniter->handleRequest(null, Object(Config\Cache), false)
13 FCPATH\index.php(67): CodeIgniter\CodeIgniter->run()
INFO - 2026-06-10 16:33:02 --> Session: Class initialized using 'CodeIgniter\Session\Handlers\FileHandler' driver.
CRITICAL - 2026-06-10 16:33:02 --> Undefined array key "id_jenjang"
in APPPATH\Views\sekolah\v_input.php on line 55.
 1 APPPATH\Views\sekolah\v_input.php(55): CodeIgniter\Debug\Exceptions->errorHandler(2, 'Undefined array key "id_jenjang"', 'APPPATH\\Views\\sekolah\\v_input.php', 55)
 2 SYSTEMPATH\View\View.php(213): include('APPPATH\\Views\\sekolah\\v_input.php')
 3 SYSTEMPATH\View\View.php(216): CodeIgniter\View\View->CodeIgniter\View\{closure}()
 4 SYSTEMPATH\Common.php(1184): CodeIgniter\View\View->render('sekolah/v_input', [], true)
 5 APPPATH\Views\v_template_back_end.php(213): view('sekolah/v_input')
 6 SYSTEMPATH\View\View.php(213): include('APPPATH\\Views\\v_template_back_end.php')
 7 SYSTEMPATH\View\View.php(216): CodeIgniter\View\View->CodeIgniter\View\{closure}()
 8 SYSTEMPATH\Common.php(1184): CodeIgniter\View\View->render('v_template_back_end', [], true)
 9 APPPATH\Controllers\Sekolah.php(50): view('v_template_back_end', [...])
10 SYSTEMPATH\CodeIgniter.php(934): App\Controllers\Sekolah->input()
11 SYSTEMPATH\CodeIgniter.php(499): CodeIgniter\CodeIgniter->runController(Object(App\Controllers\Sekolah))
12 SYSTEMPATH\CodeIgniter.php(368): CodeIgniter\CodeIgniter->handleRequest(null, Object(Config\Cache), false)
13 FCPATH\index.php(67): CodeIgniter\CodeIgniter->run()
INFO - 2026-06-10 16:33:02 --> Session: Class initialized using 'CodeIgniter\Session\Handlers\FileHandler' driver.
CRITICAL - 2026-06-10 16:33:02 --> Undefined array key "id_jenjang"
in APPPATH\Views\sekolah\v_input.php on line 55.
 1 APPPATH\Views\sekolah\v_input.php(55): CodeIgniter\Debug\Exceptions->errorHandler(2, 'Undefined array key "id_jenjang"', 'APPPATH\\Views\\sekolah\\v_input.php', 55)
 2 SYSTEMPATH\View\View.php(213): include('APPPATH\\Views\\sekolah\\v_input.php')
 3 SYSTEMPATH\View\View.php(216): CodeIgniter\View\View->CodeIgniter\View\{closure}()
 4 SYSTEMPATH\Common.php(1184): CodeIgniter\View\View->render('sekolah/v_input', [], true)
 5 APPPATH\Views\v_template_back_end.php(213): view('sekolah/v_input')
 6 SYSTEMPATH\View\View.php(213): include('APPPATH\\Views\\v_template_back_end.php')
 7 SYSTEMPATH\View\View.php(216): CodeIgniter\View\View->CodeIgniter\View\{closure}()
 8 SYSTEMPATH\Common.php(1184): CodeIgniter\View\View->render('v_template_back_end', [], true)
 9 APPPATH\Controllers\Sekolah.php(50): view('v_template_back_end', [...])
10 SYSTEMPATH\CodeIgniter.php(934): App\Controllers\Sekolah->input()
11 SYSTEMPATH\CodeIgniter.php(499): CodeIgniter\CodeIgniter->runController(Object(App\Controllers\Sekolah))
12 SYSTEMPATH\CodeIgniter.php(368): CodeIgniter\CodeIgniter->handleRequest(null, Object(Config\Cache), false)
13 FCPATH\index.php(67): CodeIgniter\CodeIgniter->run()
INFO - 2026-06-10 16:33:03 --> Session: Class initialized using 'CodeIgniter\Session\Handlers\FileHandler' driver.
CRITICAL - 2026-06-10 16:33:03 --> Undefined array key "id_jenjang"
in APPPATH\Views\sekolah\v_input.php on line 55.
 1 APPPATH\Views\sekolah\v_input.php(55): CodeIgniter\Debug\Exceptions->errorHandler(2, 'Undefined array key "id_jenjang"', 'APPPATH\\Views\\sekolah\\v_input.php', 55)
 2 SYSTEMPATH\View\View.php(213): include('APPPATH\\Views\\sekolah\\v_input.php')
 3 SYSTEMPATH\View\View.php(216): CodeIgniter\View\View->CodeIgniter\View\{closure}()
 4 SYSTEMPATH\Common.php(1184): CodeIgniter\View\View->render('sekolah/v_input', [], true)
 5 APPPATH\Views\v_template_back_end.php(213): view('sekolah/v_input')
 6 SYSTEMPATH\View\View.php(213): include('APPPATH\\Views\\v_template_back_end.php')
 7 SYSTEMPATH\View\View.php(216): CodeIgniter\View\View->CodeIgniter\View\{closure}()
 8 SYSTEMPATH\Common.php(1184): CodeIgniter\View\View->render('v_template_back_end', [], true)
 9 APPPATH\Controllers\Sekolah.php(50): view('v_template_back_end', [...])
10 SYSTEMPATH\CodeIgniter.php(934): App\Controllers\Sekolah->input()
11 SYSTEMPATH\CodeIgniter.php(499): CodeIgniter\CodeIgniter->runController(Object(App\Controllers\Sekolah))
12 SYSTEMPATH\CodeIgniter.php(368): CodeIgniter\CodeIgniter->handleRequest(null, Object(Config\Cache), false)
13 FCPATH\index.php(67): CodeIgniter\CodeIgniter->run()
INFO - 2026-06-10 16:33:03 --> Session: Class initialized using 'CodeIgniter\Session\Handlers\FileHandler' driver.
CRITICAL - 2026-06-10 16:33:03 --> Undefined array key "id_jenjang"
in APPPATH\Views\sekolah\v_input.php on line 55.
 1 APPPATH\Views\sekolah\v_input.php(55): CodeIgniter\Debug\Exceptions->errorHandler(2, 'Undefined array key "id_jenjang"', 'APPPATH\\Views\\sekolah\\v_input.php', 55)
 2 SYSTEMPATH\View\View.php(213): include('APPPATH\\Views\\sekolah\\v_input.php')
 3 SYSTEMPATH\View\View.php(216): CodeIgniter\View\View->CodeIgniter\View\{closure}()
 4 SYSTEMPATH\Common.php(1184): CodeIgniter\View\View->render('sekolah/v_input', [], true)
 5 APPPATH\Views\v_template_back_end.php(213): view('sekolah/v_input')
 6 SYSTEMPATH\View\View.php(213): include('APPPATH\\Views\\v_template_back_end.php')
 7 SYSTEMPATH\View\View.php(216): CodeIgniter\View\View->CodeIgniter\View\{closure}()
 8 SYSTEMPATH\Common.php(1184): CodeIgniter\View\View->render('v_template_back_end', [], true)
 9 APPPATH\Controllers\Sekolah.php(50): view('v_template_back_end', [...])
10 SYSTEMPATH\CodeIgniter.php(934): App\Controllers\Sekolah->input()
11 SYSTEMPATH\CodeIgniter.php(499): CodeIgniter\CodeIgniter->runController(Object(App\Controllers\Sekolah))
12 SYSTEMPATH\CodeIgniter.php(368): CodeIgniter\CodeIgniter->handleRequest(null, Object(Config\Cache), false)
13 FCPATH\index.php(67): CodeIgniter\CodeIgniter->run()
INFO - 2026-06-10 16:33:03 --> Session: Class initialized using 'CodeIgniter\Session\Handlers\FileHandler' driver.
CRITICAL - 2026-06-10 16:33:03 --> Undefined array key "id_jenjang"
in APPPATH\Views\sekolah\v_input.php on line 55.
 1 APPPATH\Views\sekolah\v_input.php(55): CodeIgniter\Debug\Exceptions->errorHandler(2, 'Undefined array key "id_jenjang"', 'APPPATH\\Views\\sekolah\\v_input.php', 55)
 2 SYSTEMPATH\View\View.php(213): include('APPPATH\\Views\\sekolah\\v_input.php')
 3 SYSTEMPATH\View\View.php(216): CodeIgniter\View\View->CodeIgniter\View\{closure}()
 4 SYSTEMPATH\Common.php(1184): CodeIgniter\View\View->render('sekolah/v_input', [], true)
 5 APPPATH\Views\v_template_back_end.php(213): view('sekolah/v_input')
 6 SYSTEMPATH\View\View.php(213): include('APPPATH\\Views\\v_template_back_end.php')
 7 SYSTEMPATH\View\View.php(216): CodeIgniter\View\View->CodeIgniter\View\{closure}()
 8 SYSTEMPATH\Common.php(1184): CodeIgniter\View\View->render('v_template_back_end', [], true)
 9 APPPATH\Controllers\Sekolah.php(50): view('v_template_back_end', [...])
10 SYSTEMPATH\CodeIgniter.php(934): App\Controllers\Sekolah->input()
11 SYSTEMPATH\CodeIgniter.php(499): CodeIgniter\CodeIgniter->runController(Object(App\Controllers\Sekolah))
12 SYSTEMPATH\CodeIgniter.php(368): CodeIgniter\CodeIgniter->handleRequest(null, Object(Config\Cache), false)
13 FCPATH\index.php(67): CodeIgniter\CodeIgniter->run()
INFO - 2026-06-10 16:33:03 --> Session: Class initialized using 'CodeIgniter\Session\Handlers\FileHandler' driver.
CRITICAL - 2026-06-10 16:33:03 --> Undefined array key "id_jenjang"
in APPPATH\Views\sekolah\v_input.php on line 55.
 1 APPPATH\Views\sekolah\v_input.php(55): CodeIgniter\Debug\Exceptions->errorHandler(2, 'Undefined array key "id_jenjang"', 'APPPATH\\Views\\sekolah\\v_input.php', 55)
 2 SYSTEMPATH\View\View.php(213): include('APPPATH\\Views\\sekolah\\v_input.php')
 3 SYSTEMPATH\View\View.php(216): CodeIgniter\View\View->CodeIgniter\View\{closure}()
 4 SYSTEMPATH\Common.php(1184): CodeIgniter\View\View->render('sekolah/v_input', [], true)
 5 APPPATH\Views\v_template_back_end.php(213): view('sekolah/v_input')
 6 SYSTEMPATH\View\View.php(213): include('APPPATH\\Views\\v_template_back_end.php')
 7 SYSTEMPATH\View\View.php(216): CodeIgniter\View\View->CodeIgniter\View\{closure}()
 8 SYSTEMPATH\Common.php(1184): CodeIgniter\View\View->render('v_template_back_end', [], true)
 9 APPPATH\Controllers\Sekolah.php(50): view('v_template_back_end', [...])
10 SYSTEMPATH\CodeIgniter.php(934): App\Controllers\Sekolah->input()
11 SYSTEMPATH\CodeIgniter.php(499): CodeIgniter\CodeIgniter->runController(Object(App\Controllers\Sekolah))
12 SYSTEMPATH\CodeIgniter.php(368): CodeIgniter\CodeIgniter->handleRequest(null, Object(Config\Cache), false)
13 FCPATH\index.php(67): CodeIgniter\CodeIgniter->run()
INFO - 2026-06-10 16:33:04 --> Session: Class initialized using 'CodeIgniter\Session\Handlers\FileHandler' driver.
CRITICAL - 2026-06-10 16:33:04 --> Undefined array key "id_jenjang"
in APPPATH\Views\sekolah\v_input.php on line 55.
 1 APPPATH\Views\sekolah\v_input.php(55): CodeIgniter\Debug\Exceptions->errorHandler(2, 'Undefined array key "id_jenjang"', 'APPPATH\\Views\\sekolah\\v_input.php', 55)
 2 SYSTEMPATH\View\View.php(213): include('APPPATH\\Views\\sekolah\\v_input.php')
 3 SYSTEMPATH\View\View.php(216): CodeIgniter\View\View->CodeIgniter\View\{closure}()
 4 SYSTEMPATH\Common.php(1184): CodeIgniter\View\View->render('sekolah/v_input', [], true)
 5 APPPATH\Views\v_template_back_end.php(213): view('sekolah/v_input')
 6 SYSTEMPATH\View\View.php(213): include('APPPATH\\Views\\v_template_back_end.php')
 7 SYSTEMPATH\View\View.php(216): CodeIgniter\View\View->CodeIgniter\View\{closure}()
 8 SYSTEMPATH\Common.php(1184): CodeIgniter\View\View->render('v_template_back_end', [], true)
 9 APPPATH\Controllers\Sekolah.php(50): view('v_template_back_end', [...])
10 SYSTEMPATH\CodeIgniter.php(934): App\Controllers\Sekolah->input()
11 SYSTEMPATH\CodeIgniter.php(499): CodeIgniter\CodeIgniter->runController(Object(App\Controllers\Sekolah))
12 SYSTEMPATH\CodeIgniter.php(368): CodeIgniter\CodeIgniter->handleRequest(null, Object(Config\Cache), false)
13 FCPATH\index.php(67): CodeIgniter\CodeIgniter->run()
INFO - 2026-06-10 16:33:04 --> Session: Class initialized using 'CodeIgniter\Session\Handlers\FileHandler' driver.
CRITICAL - 2026-06-10 16:33:04 --> Undefined array key "id_jenjang"
in APPPATH\Views\sekolah\v_input.php on line 55.
 1 APPPATH\Views\sekolah\v_input.php(55): CodeIgniter\Debug\Exceptions->errorHandler(2, 'Undefined array key "id_jenjang"', 'APPPATH\\Views\\sekolah\\v_input.php', 55)
 2 SYSTEMPATH\View\View.php(213): include('APPPATH\\Views\\sekolah\\v_input.php')
 3 SYSTEMPATH\View\View.php(216): CodeIgniter\View\View->CodeIgniter\View\{closure}()
 4 SYSTEMPATH\Common.php(1184): CodeIgniter\View\View->render('sekolah/v_input', [], true)
 5 APPPATH\Views\v_template_back_end.php(213): view('sekolah/v_input')
 6 SYSTEMPATH\View\View.php(213): include('APPPATH\\Views\\v_template_back_end.php')
 7 SYSTEMPATH\View\View.php(216): CodeIgniter\View\View->CodeIgniter\View\{closure}()
 8 SYSTEMPATH\Common.php(1184): CodeIgniter\View\View->render('v_template_back_end', [], true)
 9 APPPATH\Controllers\Sekolah.php(50): view('v_template_back_end', [...])
10 SYSTEMPATH\CodeIgniter.php(934): App\Controllers\Sekolah->input()
11 SYSTEMPATH\CodeIgniter.php(499): CodeIgniter\CodeIgniter->runController(Object(App\Controllers\Sekolah))
12 SYSTEMPATH\CodeIgniter.php(368): CodeIgniter\CodeIgniter->handleRequest(null, Object(Config\Cache), false)
13 FCPATH\index.php(67): CodeIgniter\CodeIgniter->run()
INFO - 2026-06-10 16:33:04 --> Session: Class initialized using 'CodeIgniter\Session\Handlers\FileHandler' driver.
CRITICAL - 2026-06-10 16:33:04 --> Undefined array key "id_jenjang"
in APPPATH\Views\sekolah\v_input.php on line 55.
 1 APPPATH\Views\sekolah\v_input.php(55): CodeIgniter\Debug\Exceptions->errorHandler(2, 'Undefined array key "id_jenjang"', 'APPPATH\\Views\\sekolah\\v_input.php', 55)
 2 SYSTEMPATH\View\View.php(213): include('APPPATH\\Views\\sekolah\\v_input.php')
 3 SYSTEMPATH\View\View.php(216): CodeIgniter\View\View->CodeIgniter\View\{closure}()
 4 SYSTEMPATH\Common.php(1184): CodeIgniter\View\View->render('sekolah/v_input', [], true)
 5 APPPATH\Views\v_template_back_end.php(213): view('sekolah/v_input')
 6 SYSTEMPATH\View\View.php(213): include('APPPATH\\Views\\v_template_back_end.php')
 7 SYSTEMPATH\View\View.php(216): CodeIgniter\View\View->CodeIgniter\View\{closure}()
 8 SYSTEMPATH\Common.php(1184): CodeIgniter\View\View->render('v_template_back_end', [], true)
 9 APPPATH\Controllers\Sekolah.php(50): view('v_template_back_end', [...])
10 SYSTEMPATH\CodeIgniter.php(934): App\Controllers\Sekolah->input()
11 SYSTEMPATH\CodeIgniter.php(499): CodeIgniter\CodeIgniter->runController(Object(App\Controllers\Sekolah))
12 SYSTEMPATH\CodeIgniter.php(368): CodeIgniter\CodeIgniter->handleRequest(null, Object(Config\Cache), false)
13 FCPATH\index.php(67): CodeIgniter\CodeIgniter->run()
INFO - 2026-06-10 16:33:04 --> Session: Class initialized using 'CodeIgniter\Session\Handlers\FileHandler' driver.
CRITICAL - 2026-06-10 16:33:04 --> Undefined array key "id_jenjang"
in APPPATH\Views\sekolah\v_input.php on line 55.
 1 APPPATH\Views\sekolah\v_input.php(55): CodeIgniter\Debug\Exceptions->errorHandler(2, 'Undefined array key "id_jenjang"', 'APPPATH\\Views\\sekolah\\v_input.php', 55)
 2 SYSTEMPATH\View\View.php(213): include('APPPATH\\Views\\sekolah\\v_input.php')
 3 SYSTEMPATH\View\View.php(216): CodeIgniter\View\View->CodeIgniter\View\{closure}()
 4 SYSTEMPATH\Common.php(1184): CodeIgniter\View\View->render('sekolah/v_input', [], true)
 5 APPPATH\Views\v_template_back_end.php(213): view('sekolah/v_input')
 6 SYSTEMPATH\View\View.php(213): include('APPPATH\\Views\\v_template_back_end.php')
 7 SYSTEMPATH\View\View.php(216): CodeIgniter\View\View->CodeIgniter\View\{closure}()
 8 SYSTEMPATH\Common.php(1184): CodeIgniter\View\View->render('v_template_back_end', [], true)
 9 APPPATH\Controllers\Sekolah.php(50): view('v_template_back_end', [...])
10 SYSTEMPATH\CodeIgniter.php(934): App\Controllers\Sekolah->input()
11 SYSTEMPATH\CodeIgniter.php(499): CodeIgniter\CodeIgniter->runController(Object(App\Controllers\Sekolah))
12 SYSTEMPATH\CodeIgniter.php(368): CodeIgniter\CodeIgniter->handleRequest(null, Object(Config\Cache), false)
13 FCPATH\index.php(67): CodeIgniter\CodeIgniter->run()
INFO - 2026-06-10 16:33:04 --> Session: Class initialized using 'CodeIgniter\Session\Handlers\FileHandler' driver.
CRITICAL - 2026-06-10 16:33:04 --> Undefined array key "id_jenjang"
in APPPATH\Views\sekolah\v_input.php on line 55.
 1 APPPATH\Views\sekolah\v_input.php(55): CodeIgniter\Debug\Exceptions->errorHandler(2, 'Undefined array key "id_jenjang"', 'APPPATH\\Views\\sekolah\\v_input.php', 55)
 2 SYSTEMPATH\View\View.php(213): include('APPPATH\\Views\\sekolah\\v_input.php')
 3 SYSTEMPATH\View\View.php(216): CodeIgniter\View\View->CodeIgniter\View\{closure}()
 4 SYSTEMPATH\Common.php(1184): CodeIgniter\View\View->render('sekolah/v_input', [], true)
 5 APPPATH\Views\v_template_back_end.php(213): view('sekolah/v_input')
 6 SYSTEMPATH\View\View.php(213): include('APPPATH\\Views\\v_template_back_end.php')
 7 SYSTEMPATH\View\View.php(216): CodeIgniter\View\View->CodeIgniter\View\{closure}()
 8 SYSTEMPATH\Common.php(1184): CodeIgniter\View\View->render('v_template_back_end', [], true)
 9 APPPATH\Controllers\Sekolah.php(50): view('v_template_back_end', [...])
10 SYSTEMPATH\CodeIgniter.php(934): App\Controllers\Sekolah->input()
11 SYSTEMPATH\CodeIgniter.php(499): CodeIgniter\CodeIgniter->runController(Object(App\Controllers\Sekolah))
12 SYSTEMPATH\CodeIgniter.php(368): CodeIgniter\CodeIgniter->handleRequest(null, Object(Config\Cache), false)
13 FCPATH\index.php(67): CodeIgniter\CodeIgniter->run()
INFO - 2026-06-10 16:33:05 --> Session: Class initialized using 'CodeIgniter\Session\Handlers\FileHandler' driver.
CRITICAL - 2026-06-10 16:33:05 --> Undefined array key "id_jenjang"
in APPPATH\Views\sekolah\v_input.php on line 55.
 1 APPPATH\Views\sekolah\v_input.php(55): CodeIgniter\Debug\Exceptions->errorHandler(2, 'Undefined array key "id_jenjang"', 'APPPATH\\Views\\sekolah\\v_input.php', 55)
 2 SYSTEMPATH\View\View.php(213): include('APPPATH\\Views\\sekolah\\v_input.php')
 3 SYSTEMPATH\View\View.php(216): CodeIgniter\View\View->CodeIgniter\View\{closure}()
 4 SYSTEMPATH\Common.php(1184): CodeIgniter\View\View->render('sekolah/v_input', [], true)
 5 APPPATH\Views\v_template_back_end.php(213): view('sekolah/v_input')
 6 SYSTEMPATH\View\View.php(213): include('APPPATH\\Views\\v_template_back_end.php')
 7 SYSTEMPATH\View\View.php(216): CodeIgniter\View\View->CodeIgniter\View\{closure}()
 8 SYSTEMPATH\Common.php(1184): CodeIgniter\View\View->render('v_template_back_end', [], true)
 9 APPPATH\Controllers\Sekolah.php(50): view('v_template_back_end', [...])
10 SYSTEMPATH\CodeIgniter.php(934): App\Controllers\Sekolah->input()
11 SYSTEMPATH\CodeIgniter.php(499): CodeIgniter\CodeIgniter->runController(Object(App\Controllers\Sekolah))
12 SYSTEMPATH\CodeIgniter.php(368): CodeIgniter\CodeIgniter->handleRequest(null, Object(Config\Cache), false)
13 FCPATH\index.php(67): CodeIgniter\CodeIgniter->run()
INFO - 2026-06-10 16:33:05 --> Session: Class initialized using 'CodeIgniter\Session\Handlers\FileHandler' driver.
CRITICAL - 2026-06-10 16:33:05 --> Undefined array key "id_jenjang"
in APPPATH\Views\sekolah\v_input.php on line 55.
 1 APPPATH\Views\sekolah\v_input.php(55): CodeIgniter\Debug\Exceptions->errorHandler(2, 'Undefined array key "id_jenjang"', 'APPPATH\\Views\\sekolah\\v_input.php', 55)
 2 SYSTEMPATH\View\View.php(213): include('APPPATH\\Views\\sekolah\\v_input.php')
 3 SYSTEMPATH\View\View.php(216): CodeIgniter\View\View->CodeIgniter\View\{closure}()
 4 SYSTEMPATH\Common.php(1184): CodeIgniter\View\View->render('sekolah/v_input', [], true)
 5 APPPATH\Views\v_template_back_end.php(213): view('sekolah/v_input')
 6 SYSTEMPATH\View\View.php(213): include('APPPATH\\Views\\v_template_back_end.php')
 7 SYSTEMPATH\View\View.php(216): CodeIgniter\View\View->CodeIgniter\View\{closure}()
 8 SYSTEMPATH\Common.php(1184): CodeIgniter\View\View->render('v_template_back_end', [], true)
 9 APPPATH\Controllers\Sekolah.php(50): view('v_template_back_end', [...])
10 SYSTEMPATH\CodeIgniter.php(934): App\Controllers\Sekolah->input()
11 SYSTEMPATH\CodeIgniter.php(499): CodeIgniter\CodeIgniter->runController(Object(App\Controllers\Sekolah))
12 SYSTEMPATH\CodeIgniter.php(368): CodeIgniter\CodeIgniter->handleRequest(null, Object(Config\Cache), false)
13 FCPATH\index.php(67): CodeIgniter\CodeIgniter->run()
INFO - 2026-06-10 16:34:56 --> Session: Class initialized using 'CodeIgniter\Session\Handlers\FileHandler' driver.
CRITICAL - 2026-06-10 16:34:56 --> Undefined array key "id_jenjang"
in APPPATH\Views\sekolah\v_input.php on line 55.
 1 APPPATH\Views\sekolah\v_input.php(55): CodeIgniter\Debug\Exceptions->errorHandler(2, 'Undefined array key "id_jenjang"', 'APPPATH\\Views\\sekolah\\v_input.php', 55)
 2 SYSTEMPATH\View\View.php(213): include('APPPATH\\Views\\sekolah\\v_input.php')
 3 SYSTEMPATH\View\View.php(216): CodeIgniter\View\View->CodeIgniter\View\{closure}()
 4 SYSTEMPATH\Common.php(1184): CodeIgniter\View\View->render('sekolah/v_input', [], true)
 5 APPPATH\Views\v_template_back_end.php(213): view('sekolah/v_input')
 6 SYSTEMPATH\View\View.php(213): include('APPPATH\\Views\\v_template_back_end.php')
 7 SYSTEMPATH\View\View.php(216): CodeIgniter\View\View->CodeIgniter\View\{closure}()
 8 SYSTEMPATH\Common.php(1184): CodeIgniter\View\View->render('v_template_back_end', [], true)
 9 APPPATH\Controllers\Sekolah.php(50): view('v_template_back_end', [...])
10 SYSTEMPATH\CodeIgniter.php(934): App\Controllers\Sekolah->input()
11 SYSTEMPATH\CodeIgniter.php(499): CodeIgniter\CodeIgniter->runController(Object(App\Controllers\Sekolah))
12 SYSTEMPATH\CodeIgniter.php(368): CodeIgniter\CodeIgniter->handleRequest(null, Object(Config\Cache), false)
13 FCPATH\index.php(67): CodeIgniter\CodeIgniter->run()
INFO - 2026-06-10 16:34:57 --> Session: Class initialized using 'CodeIgniter\Session\Handlers\FileHandler' driver.
CRITICAL - 2026-06-10 16:34:57 --> Undefined array key "id_jenjang"
in APPPATH\Views\sekolah\v_input.php on line 55.
 1 APPPATH\Views\sekolah\v_input.php(55): CodeIgniter\Debug\Exceptions->errorHandler(2, 'Undefined array key "id_jenjang"', 'APPPATH\\Views\\sekolah\\v_input.php', 55)
 2 SYSTEMPATH\View\View.php(213): include('APPPATH\\Views\\sekolah\\v_input.php')
 3 SYSTEMPATH\View\View.php(216): CodeIgniter\View\View->CodeIgniter\View\{closure}()
 4 SYSTEMPATH\Common.php(1184): CodeIgniter\View\View->render('sekolah/v_input', [], true)
 5 APPPATH\Views\v_template_back_end.php(213): view('sekolah/v_input')
 6 SYSTEMPATH\View\View.php(213): include('APPPATH\\Views\\v_template_back_end.php')
 7 SYSTEMPATH\View\View.php(216): CodeIgniter\View\View->CodeIgniter\View\{closure}()
 8 SYSTEMPATH\Common.php(1184): CodeIgniter\View\View->render('v_template_back_end', [], true)
 9 APPPATH\Controllers\Sekolah.php(50): view('v_template_back_end', [...])
10 SYSTEMPATH\CodeIgniter.php(934): App\Controllers\Sekolah->input()
11 SYSTEMPATH\CodeIgniter.php(499): CodeIgniter\CodeIgniter->runController(Object(App\Controllers\Sekolah))
12 SYSTEMPATH\CodeIgniter.php(368): CodeIgniter\CodeIgniter->handleRequest(null, Object(Config\Cache), false)
13 FCPATH\index.php(67): CodeIgniter\CodeIgniter->run()
INFO - 2026-06-10 16:34:58 --> Session: Class initialized using 'CodeIgniter\Session\Handlers\FileHandler' driver.
CRITICAL - 2026-06-10 16:34:58 --> Undefined array key "id_jenjang"
in APPPATH\Views\sekolah\v_input.php on line 55.
 1 APPPATH\Views\sekolah\v_input.php(55): CodeIgniter\Debug\Exceptions->errorHandler(2, 'Undefined array key "id_jenjang"', 'APPPATH\\Views\\sekolah\\v_input.php', 55)
 2 SYSTEMPATH\View\View.php(213): include('APPPATH\\Views\\sekolah\\v_input.php')
 3 SYSTEMPATH\View\View.php(216): CodeIgniter\View\View->CodeIgniter\View\{closure}()
 4 SYSTEMPATH\Common.php(1184): CodeIgniter\View\View->render('sekolah/v_input', [], true)
 5 APPPATH\Views\v_template_back_end.php(213): view('sekolah/v_input')
 6 SYSTEMPATH\View\View.php(213): include('APPPATH\\Views\\v_template_back_end.php')
 7 SYSTEMPATH\View\View.php(216): CodeIgniter\View\View->CodeIgniter\View\{closure}()
 8 SYSTEMPATH\Common.php(1184): CodeIgniter\View\View->render('v_template_back_end', [], true)
 9 APPPATH\Controllers\Sekolah.php(50): view('v_template_back_end', [...])
10 SYSTEMPATH\CodeIgniter.php(934): App\Controllers\Sekolah->input()
11 SYSTEMPATH\CodeIgniter.php(499): CodeIgniter\CodeIgniter->runController(Object(App\Controllers\Sekolah))
12 SYSTEMPATH\CodeIgniter.php(368): CodeIgniter\CodeIgniter->handleRequest(null, Object(Config\Cache), false)
13 FCPATH\index.php(67): CodeIgniter\CodeIgniter->run()
INFO - 2026-06-10 16:34:58 --> Session: Class initialized using 'CodeIgniter\Session\Handlers\FileHandler' driver.
CRITICAL - 2026-06-10 16:34:58 --> Undefined array key "id_jenjang"
in APPPATH\Views\sekolah\v_input.php on line 55.
 1 APPPATH\Views\sekolah\v_input.php(55): CodeIgniter\Debug\Exceptions->errorHandler(2, 'Undefined array key "id_jenjang"', 'APPPATH\\Views\\sekolah\\v_input.php', 55)
 2 SYSTEMPATH\View\View.php(213): include('APPPATH\\Views\\sekolah\\v_input.php')
 3 SYSTEMPATH\View\View.php(216): CodeIgniter\View\View->CodeIgniter\View\{closure}()
 4 SYSTEMPATH\Common.php(1184): CodeIgniter\View\View->render('sekolah/v_input', [], true)
 5 APPPATH\Views\v_template_back_end.php(213): view('sekolah/v_input')
 6 SYSTEMPATH\View\View.php(213): include('APPPATH\\Views\\v_template_back_end.php')
 7 SYSTEMPATH\View\View.php(216): CodeIgniter\View\View->CodeIgniter\View\{closure}()
 8 SYSTEMPATH\Common.php(1184): CodeIgniter\View\View->render('v_template_back_end', [], true)
 9 APPPATH\Controllers\Sekolah.php(50): view('v_template_back_end', [...])
10 SYSTEMPATH\CodeIgniter.php(934): App\Controllers\Sekolah->input()
11 SYSTEMPATH\CodeIgniter.php(499): CodeIgniter\CodeIgniter->runController(Object(App\Controllers\Sekolah))
12 SYSTEMPATH\CodeIgniter.php(368): CodeIgniter\CodeIgniter->handleRequest(null, Object(Config\Cache), false)
13 FCPATH\index.php(67): CodeIgniter\CodeIgniter->run()
INFO - 2026-06-10 16:35:57 --> Session: Class initialized using 'CodeIgniter\Session\Handlers\FileHandler' driver.
INFO - 2026-06-10 16:42:18 --> Session: Class initialized using 'CodeIgniter\Session\Handlers\FileHandler' driver.
CRITICAL - 2026-06-10 16:42:18 --> Undefined array key "id_jenjang"
in APPPATH\Views\sekolah\v_input.php on line 55.
 1 APPPATH\Views\sekolah\v_input.php(55): CodeIgniter\Debug\Exceptions->errorHandler(2, 'Undefined array key "id_jenjang"', 'APPPATH\\Views\\sekolah\\v_input.php', 55)
 2 SYSTEMPATH\View\View.php(213): include('APPPATH\\Views\\sekolah\\v_input.php')
 3 SYSTEMPATH\View\View.php(216): CodeIgniter\View\View->CodeIgniter\View\{closure}()
 4 SYSTEMPATH\Common.php(1184): CodeIgniter\View\View->render('sekolah/v_input', [], true)
 5 APPPATH\Views\v_template_back_end.php(213): view('sekolah/v_input')
 6 SYSTEMPATH\View\View.php(213): include('APPPATH\\Views\\v_template_back_end.php')
 7 SYSTEMPATH\View\View.php(216): CodeIgniter\View\View->CodeIgniter\View\{closure}()
 8 SYSTEMPATH\Common.php(1184): CodeIgniter\View\View->render('v_template_back_end', [], true)
 9 APPPATH\Controllers\Sekolah.php(50): view('v_template_back_end', [...])
10 SYSTEMPATH\CodeIgniter.php(934): App\Controllers\Sekolah->input()
11 SYSTEMPATH\CodeIgniter.php(499): CodeIgniter\CodeIgniter->runController(Object(App\Controllers\Sekolah))
12 SYSTEMPATH\CodeIgniter.php(368): CodeIgniter\CodeIgniter->handleRequest(null, Object(Config\Cache), false)
13 FCPATH\index.php(67): CodeIgniter\CodeIgniter->run()
INFO - 2026-06-10 16:43:29 --> Session: Class initialized using 'CodeIgniter\Session\Handlers\FileHandler' driver.
INFO - 2026-06-10 16:46:36 --> Session: Class initialized using 'CodeIgniter\Session\Handlers\FileHandler' driver.
INFO - 2026-06-10 16:46:38 --> Session: Class initialized using 'CodeIgniter\Session\Handlers\FileHandler' driver.
INFO - 2026-06-10 16:46:40 --> Session: Class initialized using 'CodeIgniter\Session\Handlers\FileHandler' driver.
INFO - 2026-06-10 16:48:24 --> Session: Class initialized using 'CodeIgniter\Session\Handlers\FileHandler' driver.
INFO - 2026-06-10 16:48:26 --> Session: Class initialized using 'CodeIgniter\Session\Handlers\FileHandler' driver.
INFO - 2026-06-10 16:48:28 --> Session: Class initialized using 'CodeIgniter\Session\Handlers\FileHandler' driver.
INFO - 2026-06-10 16:51:51 --> Session: Class initialized using 'CodeIgniter\Session\Handlers\FileHandler' driver.
INFO - 2026-06-10 16:51:52 --> Session: Class initialized using 'CodeIgniter\Session\Handlers\FileHandler' driver.
INFO - 2026-06-10 16:51:54 --> Session: Class initialized using 'CodeIgniter\Session\Handlers\FileHandler' driver.
INFO - 2026-06-10 16:51:55 --> Session: Class initialized using 'CodeIgniter\Session\Handlers\FileHandler' driver.
INFO - 2026-06-10 16:51:56 --> Session: Class initialized using 'CodeIgniter\Session\Handlers\FileHandler' driver.
INFO - 2026-06-10 16:51:57 --> Session: Class initialized using 'CodeIgniter\Session\Handlers\FileHandler' driver.
INFO - 2026-06-10 16:52:28 --> Session: Class initialized using 'CodeIgniter\Session\Handlers\FileHandler' driver.
INFO - 2026-06-10 16:53:04 --> Session: Class initialized using 'CodeIgniter\Session\Handlers\FileHandler' driver.
INFO - 2026-06-10 16:53:07 --> Session: Class initialized using 'CodeIgniter\Session\Handlers\FileHandler' driver.
INFO - 2026-06-10 16:53:10 --> Session: Class initialized using 'CodeIgniter\Session\Handlers\FileHandler' driver.
INFO - 2026-06-10 16:53:12 --> Session: Class initialized using 'CodeIgniter\Session\Handlers\FileHandler' driver.
INFO - 2026-06-10 16:53:24 --> Session: Class initialized using 'CodeIgniter\Session\Handlers\FileHandler' driver.
INFO - 2026-06-10 16:53:27 --> Session: Class initialized using 'CodeIgniter\Session\Handlers\FileHandler' driver.
INFO - 2026-06-10 16:53:30 --> Session: Class initialized using 'CodeIgniter\Session\Handlers\FileHandler' driver.
INFO - 2026-06-10 16:53:58 --> Session: Class initialized using 'CodeIgniter\Session\Handlers\FileHandler' driver.
INFO - 2026-06-10 16:53:59 --> Session: Class initialized using 'CodeIgniter\Session\Handlers\FileHandler' driver.
INFO - 2026-06-10 16:54:06 --> Session: Class initialized using 'CodeIgniter\Session\Handlers\FileHandler' driver.
INFO - 2026-06-10 16:54:08 --> Session: Class initialized using 'CodeIgniter\Session\Handlers\FileHandler' driver.
INFO - 2026-06-10 16:54:10 --> Session: Class initialized using 'CodeIgniter\Session\Handlers\FileHandler' driver.
INFO - 2026-06-10 16:54:12 --> Session: Class initialized using 'CodeIgniter\Session\Handlers\FileHandler' driver.
INFO - 2026-06-10 16:54:13 --> Session: Class initialized using 'CodeIgniter\Session\Handlers\FileHandler' driver.
INFO - 2026-06-10 16:54:28 --> Session: Class initialized using 'CodeIgniter\Session\Handlers\FileHandler' driver.
INFO - 2026-06-10 16:54:30 --> Session: Class initialized using 'CodeIgniter\Session\Handlers\FileHandler' driver.
INFO - 2026-06-10 16:54:31 --> Session: Class initialized using 'CodeIgniter\Session\Handlers\FileHandler' driver.
INFO - 2026-06-10 16:54:39 --> Session: Class initialized using 'CodeIgniter\Session\Handlers\FileHandler' driver.
INFO - 2026-06-10 16:54:40 --> Session: Class initialized using 'CodeIgniter\Session\Handlers\FileHandler' driver.
INFO - 2026-06-10 16:55:29 --> Session: Class initialized using 'CodeIgniter\Session\Handlers\FileHandler' driver.
INFO - 2026-06-10 16:55:31 --> Session: Class initialized using 'CodeIgniter\Session\Handlers\FileHandler' driver.
INFO - 2026-06-10 16:55:32 --> Session: Class initialized using 'CodeIgniter\Session\Handlers\FileHandler' driver.
INFO - 2026-06-10 16:58:25 --> Session: Class initialized using 'CodeIgniter\Session\Handlers\FileHandler' driver.
CRITICAL - 2026-06-10 16:58:25 --> Undefined array key "kabupaten"
in APPPATH\Views\sekolah\v_edit.php on line 75.
 1 APPPATH\Views\sekolah\v_edit.php(75): CodeIgniter\Debug\Exceptions->errorHandler(2, 'Undefined array key "kabupaten"', 'APPPATH\\Views\\sekolah\\v_edit.php', 75)
 2 SYSTEMPATH\View\View.php(213): include('APPPATH\\Views\\sekolah\\v_edit.php')
 3 SYSTEMPATH\View\View.php(216): CodeIgniter\View\View->CodeIgniter\View\{closure}()
 4 SYSTEMPATH\Common.php(1184): CodeIgniter\View\View->render('sekolah/v_edit', [], true)
 5 APPPATH\Views\v_template_back_end.php(213): view('sekolah/v_edit')
 6 SYSTEMPATH\View\View.php(213): include('APPPATH\\Views\\v_template_back_end.php')
 7 SYSTEMPATH\View\View.php(216): CodeIgniter\View\View->CodeIgniter\View\{closure}()
 8 SYSTEMPATH\Common.php(1184): CodeIgniter\View\View->render('v_template_back_end', [], true)
 9 APPPATH\Controllers\Sekolah.php(169): view('v_template_back_end', [...])
10 SYSTEMPATH\CodeIgniter.php(934): App\Controllers\Sekolah->edit('1')
11 SYSTEMPATH\CodeIgniter.php(499): CodeIgniter\CodeIgniter->runController(Object(App\Controllers\Sekolah))
12 SYSTEMPATH\CodeIgniter.php(368): CodeIgniter\CodeIgniter->handleRequest(null, Object(Config\Cache), false)
13 FCPATH\index.php(67): CodeIgniter\CodeIgniter->run()
INFO - 2026-06-10 16:59:14 --> Session: Class initialized using 'CodeIgniter\Session\Handlers\FileHandler' driver.
INFO - 2026-06-10 16:59:18 --> Session: Class initialized using 'CodeIgniter\Session\Handlers\FileHandler' driver.
INFO - 2026-06-10 16:59:19 --> Session: Class initialized using 'CodeIgniter\Session\Handlers\FileHandler' driver.
INFO - 2026-06-10 16:59:19 --> Session: Class initialized using 'CodeIgniter\Session\Handlers\FileHandler' driver.
INFO - 2026-06-10 16:59:27 --> Session: Class initialized using 'CodeIgniter\Session\Handlers\FileHandler' driver.
INFO - 2026-06-10 16:59:31 --> Session: Class initialized using 'CodeIgniter\Session\Handlers\FileHandler' driver.
INFO - 2026-06-10 17:03:26 --> Session: Class initialized using 'CodeIgniter\Session\Handlers\FileHandler' driver.
INFO - 2026-06-10 17:03:28 --> Session: Class initialized using 'CodeIgniter\Session\Handlers\FileHandler' driver.
INFO - 2026-06-10 17:14:33 --> Session: Class initialized using 'CodeIgniter\Session\Handlers\FileHandler' driver.
INFO - 2026-06-10 17:36:06 --> Session: Class initialized using 'CodeIgniter\Session\Handlers\FileHandler' driver.
INFO - 2026-06-10 17:36:10 --> Session: Class initialized using 'CodeIgniter\Session\Handlers\FileHandler' driver.
INFO - 2026-06-10 17:36:12 --> Session: Class initialized using 'CodeIgniter\Session\Handlers\FileHandler' driver.
INFO - 2026-06-10 17:38:06 --> Session: Class initialized using 'CodeIgniter\Session\Handlers\FileHandler' driver.
INFO - 2026-06-10 17:38:09 --> Session: Class initialized using 'CodeIgniter\Session\Handlers\FileHandler' driver.
INFO - 2026-06-10 17:38:11 --> Session: Class initialized using 'CodeIgniter\Session\Handlers\FileHandler' driver.
INFO - 2026-06-10 17:38:21 --> Session: Class initialized using 'CodeIgniter\Session\Handlers\FileHandler' driver.
INFO - 2026-06-10 17:38:33 --> Session: Class initialized using 'CodeIgniter\Session\Handlers\FileHandler' driver.
INFO - 2026-06-10 17:39:32 --> Session: Class initialized using 'CodeIgniter\Session\Handlers\FileHandler' driver.
INFO - 2026-06-10 17:41:40 --> Session: Class initialized using 'CodeIgniter\Session\Handlers\FileHandler' driver.
INFO - 2026-06-10 17:41:42 --> Session: Class initialized using 'CodeIgniter\Session\Handlers\FileHandler' driver.
INFO - 2026-06-10 17:41:43 --> Session: Class initialized using 'CodeIgniter\Session\Handlers\FileHandler' driver.
INFO - 2026-06-10 17:41:43 --> Session: Class initialized using 'CodeIgniter\Session\Handlers\FileHandler' driver.
INFO - 2026-06-10 17:41:44 --> Session: Class initialized using 'CodeIgniter\Session\Handlers\FileHandler' driver.
INFO - 2026-06-10 17:41:46 --> Session: Class initialized using 'CodeIgniter\Session\Handlers\FileHandler' driver.
INFO - 2026-06-10 17:41:46 --> Session: Class initialized using 'CodeIgniter\Session\Handlers\FileHandler' driver.
INFO - 2026-06-10 17:41:46 --> Session: Class initialized using 'CodeIgniter\Session\Handlers\FileHandler' driver.
INFO - 2026-06-10 17:41:48 --> Session: Class initialized using 'CodeIgniter\Session\Handlers\FileHandler' driver.
INFO - 2026-06-10 17:43:17 --> Session: Class initialized using 'CodeIgniter\Session\Handlers\FileHandler' driver.
INFO - 2026-06-10 17:43:18 --> Session: Class initialized using 'CodeIgniter\Session\Handlers\FileHandler' driver.
INFO - 2026-06-10 17:43:20 --> Session: Class initialized using 'CodeIgniter\Session\Handlers\FileHandler' driver.
INFO - 2026-06-10 17:43:22 --> Session: Class initialized using 'CodeIgniter\Session\Handlers\FileHandler' driver.
INFO - 2026-06-10 17:43:24 --> Session: Class initialized using 'CodeIgniter\Session\Handlers\FileHandler' driver.
INFO - 2026-06-10 17:44:50 --> Session: Class initialized using 'CodeIgniter\Session\Handlers\FileHandler' driver.
INFO - 2026-06-10 17:47:19 --> Session: Class initialized using 'CodeIgniter\Session\Handlers\FileHandler' driver.
INFO - 2026-06-10 17:47:20 --> Session: Class initialized using 'CodeIgniter\Session\Handlers\FileHandler' driver.
INFO - 2026-06-10 17:47:21 --> Session: Class initialized using 'CodeIgniter\Session\Handlers\FileHandler' driver.
INFO - 2026-06-10 17:47:22 --> Session: Class initialized using 'CodeIgniter\Session\Handlers\FileHandler' driver.
INFO - 2026-06-10 17:47:23 --> Session: Class initialized using 'CodeIgniter\Session\Handlers\FileHandler' driver.
INFO - 2026-06-10 17:47:23 --> Session: Class initialized using 'CodeIgniter\Session\Handlers\FileHandler' driver.
INFO - 2026-06-10 17:47:33 --> Session: Class initialized using 'CodeIgniter\Session\Handlers\FileHandler' driver.
INFO - 2026-06-10 17:47:40 --> Session: Class initialized using 'CodeIgniter\Session\Handlers\FileHandler' driver.
INFO - 2026-06-10 17:48:22 --> Session: Class initialized using 'CodeIgniter\Session\Handlers\FileHandler' driver.
INFO - 2026-06-10 17:48:22 --> Session: Class initialized using 'CodeIgniter\Session\Handlers\FileHandler' driver.
INFO - 2026-06-10 17:54:33 --> Session: Class initialized using 'CodeIgniter\Session\Handlers\FileHandler' driver.
INFO - 2026-06-10 17:54:37 --> Session: Class initialized using 'CodeIgniter\Session\Handlers\FileHandler' driver.
INFO - 2026-06-10 17:54:39 --> Session: Class initialized using 'CodeIgniter\Session\Handlers\FileHandler' driver.
INFO - 2026-06-10 17:54:45 --> Session: Class initialized using 'CodeIgniter\Session\Handlers\FileHandler' driver.
INFO - 2026-06-10 17:54:45 --> Session: Class initialized using 'CodeIgniter\Session\Handlers\FileHandler' driver.
INFO - 2026-06-10 17:55:10 --> Session: Class initialized using 'CodeIgniter\Session\Handlers\FileHandler' driver.
INFO - 2026-06-10 17:55:10 --> Session: Class initialized using 'CodeIgniter\Session\Handlers\FileHandler' driver.
INFO - 2026-06-10 17:55:17 --> Session: Class initialized using 'CodeIgniter\Session\Handlers\FileHandler' driver.
INFO - 2026-06-10 17:55:54 --> Session: Class initialized using 'CodeIgniter\Session\Handlers\FileHandler' driver.
INFO - 2026-06-10 17:55:59 --> Session: Class initialized using 'CodeIgniter\Session\Handlers\FileHandler' driver.
INFO - 2026-06-10 17:56:00 --> Session: Class initialized using 'CodeIgniter\Session\Handlers\FileHandler' driver.
INFO - 2026-06-10 17:56:06 --> Session: Class initialized using 'CodeIgniter\Session\Handlers\FileHandler' driver.
INFO - 2026-06-10 17:56:08 --> Session: Class initialized using 'CodeIgniter\Session\Handlers\FileHandler' driver.
INFO - 2026-06-10 17:56:18 --> Session: Class initialized using 'CodeIgniter\Session\Handlers\FileHandler' driver.
INFO - 2026-06-10 17:56:18 --> Session: Class initialized using 'CodeIgniter\Session\Handlers\FileHandler' driver.
INFO - 2026-06-10 17:56:37 --> Session: Class initialized using 'CodeIgniter\Session\Handlers\FileHandler' driver.
INFO - 2026-06-10 17:56:38 --> Session: Class initialized using 'CodeIgniter\Session\Handlers\FileHandler' driver.
INFO - 2026-06-10 17:56:47 --> Session: Class initialized using 'CodeIgniter\Session\Handlers\FileHandler' driver.
INFO - 2026-06-10 17:56:48 --> Session: Class initialized using 'CodeIgniter\Session\Handlers\FileHandler' driver.
INFO - 2026-06-10 17:56:49 --> Session: Class initialized using 'CodeIgniter\Session\Handlers\FileHandler' driver.
INFO - 2026-06-10 17:58:05 --> Session: Class initialized using 'CodeIgniter\Session\Handlers\FileHandler' driver.
INFO - 2026-06-10 17:58:26 --> Session: Class initialized using 'CodeIgniter\Session\Handlers\FileHandler' driver.
INFO - 2026-06-10 17:58:28 --> Session: Class initialized using 'CodeIgniter\Session\Handlers\FileHandler' driver.
INFO - 2026-06-10 17:58:46 --> Session: Class initialized using 'CodeIgniter\Session\Handlers\FileHandler' driver.
INFO - 2026-06-10 17:58:46 --> Session: Class initialized using 'CodeIgniter\Session\Handlers\FileHandler' driver.
INFO - 2026-06-10 18:03:22 --> Session: Class initialized using 'CodeIgniter\Session\Handlers\FileHandler' driver.
INFO - 2026-06-10 18:03:24 --> Session: Class initialized using 'CodeIgniter\Session\Handlers\FileHandler' driver.
INFO - 2026-06-10 18:03:31 --> Session: Class initialized using 'CodeIgniter\Session\Handlers\FileHandler' driver.
CRITICAL - 2026-06-10 18:03:31 --> CodeIgniter\Validation\FileRules::uploaded(): Argument #2 ($name) must be of type string, null given, called in C:\wamp64\www\PBL_kel_6\system\Validation\Validation.php on line 311
in SYSTEMPATH\Validation\FileRules.php on line 51.
 1 SYSTEMPATH\Validation\Validation.php(311): CodeIgniter\Validation\FileRules->uploaded(null, null)
 2 SYSTEMPATH\Validation\Validation.php(170): CodeIgniter\Validation\Validation->processRules('FCPATH\\foto', 'Foto Sekolah', null, [...], [...])
 3 SYSTEMPATH\Controller.php(140): CodeIgniter\Validation\Validation->run()
 4 APPPATH\Controllers\Sekolah.php(55): CodeIgniter\Controller->validate([...])
 5 SYSTEMPATH\CodeIgniter.php(934): App\Controllers\Sekolah->InsertData()
 6 SYSTEMPATH\CodeIgniter.php(499): CodeIgniter\CodeIgniter->runController(Object(App\Controllers\Sekolah))
 7 SYSTEMPATH\CodeIgniter.php(368): CodeIgniter\CodeIgniter->handleRequest(null, Object(Config\Cache), false)
 8 FCPATH\index.php(67): CodeIgniter\CodeIgniter->run()
INFO - 2026-06-10 18:05:07 --> Session: Class initialized using 'CodeIgniter\Session\Handlers\FileHandler' driver.
INFO - 2026-06-10 18:05:07 --> Session: Class initialized using 'CodeIgniter\Session\Handlers\FileHandler' driver.
INFO - 2026-06-10 18:05:18 --> Session: Class initialized using 'CodeIgniter\Session\Handlers\FileHandler' driver.
INFO - 2026-06-10 18:05:19 --> Session: Class initialized using 'CodeIgniter\Session\Handlers\FileHandler' driver.
INFO - 2026-06-10 18:05:25 --> Session: Class initialized using 'CodeIgniter\Session\Handlers\FileHandler' driver.
INFO - 2026-06-10 18:05:26 --> Session: Class initialized using 'CodeIgniter\Session\Handlers\FileHandler' driver.
INFO - 2026-06-10 18:05:36 --> Session: Class initialized using 'CodeIgniter\Session\Handlers\FileHandler' driver.
INFO - 2026-06-10 18:05:36 --> Session: Class initialized using 'CodeIgniter\Session\Handlers\FileHandler' driver.
INFO - 2026-06-10 18:06:46 --> Session: Class initialized using 'CodeIgniter\Session\Handlers\FileHandler' driver.
INFO - 2026-06-10 18:07:01 --> Session: Class initialized using 'CodeIgniter\Session\Handlers\FileHandler' driver.
INFO - 2026-06-10 18:07:03 --> Session: Class initialized using 'CodeIgniter\Session\Handlers\FileHandler' driver.
INFO - 2026-06-10 18:07:12 --> Session: Class initialized using 'CodeIgniter\Session\Handlers\FileHandler' driver.
INFO - 2026-06-10 18:07:12 --> Session: Class initialized using 'CodeIgniter\Session\Handlers\FileHandler' driver.
INFO - 2026-06-10 18:11:13 --> Session: Class initialized using 'CodeIgniter\Session\Handlers\FileHandler' driver.
INFO - 2026-06-10 18:11:14 --> Session: Class initialized using 'CodeIgniter\Session\Handlers\FileHandler' driver.
INFO - 2026-06-10 18:11:24 --> Session: Class initialized using 'CodeIgniter\Session\Handlers\FileHandler' driver.
INFO - 2026-06-10 18:11:29 --> Session: Class initialized using 'CodeIgniter\Session\Handlers\FileHandler' driver.
INFO - 2026-06-10 18:11:38 --> Session: Class initialized using 'CodeIgniter\Session\Handlers\FileHandler' driver.
INFO - 2026-06-10 18:11:38 --> Session: Class initialized using 'CodeIgniter\Session\Handlers\FileHandler' driver.
CRITICAL - 2026-06-10 18:12:03 --> Cannot use empty array elements in arrays
in APPPATH\Controllers\Sekolah.php on line 124.
 1 [internal function]: CodeIgniter\Debug\Exceptions->shutdownHandler()
INFO - 2026-06-10 18:12:14 --> Session: Class initialized using 'CodeIgniter\Session\Handlers\FileHandler' driver.
INFO - 2026-06-10 18:12:17 --> Session: Class initialized using 'CodeIgniter\Session\Handlers\FileHandler' driver.
INFO - 2026-06-10 18:12:19 --> Session: Class initialized using 'CodeIgniter\Session\Handlers\FileHandler' driver.
INFO - 2026-06-10 18:12:26 --> Session: Class initialized using 'CodeIgniter\Session\Handlers\FileHandler' driver.
INFO - 2026-06-10 18:12:26 --> Session: Class initialized using 'CodeIgniter\Session\Handlers\FileHandler' driver.
INFO - 2026-06-10 18:12:34 --> Session: Class initialized using 'CodeIgniter\Session\Handlers\FileHandler' driver.
INFO - 2026-06-10 18:12:36 --> Session: Class initialized using 'CodeIgniter\Session\Handlers\FileHandler' driver.
INFO - 2026-06-10 18:12:41 --> Session: Class initialized using 'CodeIgniter\Session\Handlers\FileHandler' driver.
INFO - 2026-06-10 18:12:42 --> Session: Class initialized using 'CodeIgniter\Session\Handlers\FileHandler' driver.
INFO - 2026-06-10 18:12:50 --> Session: Class initialized using 'CodeIgniter\Session\Handlers\FileHandler' driver.
INFO - 2026-06-10 18:12:50 --> Session: Class initialized using 'CodeIgniter\Session\Handlers\FileHandler' driver.
INFO - 2026-06-10 18:13:48 --> Session: Class initialized using 'CodeIgniter\Session\Handlers\FileHandler' driver.
INFO - 2026-06-10 18:13:57 --> Session: Class initialized using 'CodeIgniter\Session\Handlers\FileHandler' driver.
INFO - 2026-06-10 18:13:59 --> Session: Class initialized using 'CodeIgniter\Session\Handlers\FileHandler' driver.
INFO - 2026-06-10 18:14:33 --> Session: Class initialized using 'CodeIgniter\Session\Handlers\FileHandler' driver.
INFO - 2026-06-10 18:14:34 --> Session: Class initialized using 'CodeIgniter\Session\Handlers\FileHandler' driver.
